Component: ARM Compiler 5.06 update 6 (build 750) Tool: armlink [4d35ed]

==============================================================================

Section Cross References

    startup_stm32f072xb.o(RESET) refers to startup_stm32f072xb.o(STACK) for __initial_sp
    startup_stm32f072xb.o(RESET) refers to startup_stm32f072xb.o(.text) for Reset_Handler
    startup_stm32f072xb.o(RESET) refers to stm32f0xx_it.o(i.NMI_Handler) for NMI_Handler
    startup_stm32f072xb.o(RESET) refers to stm32f0xx_it.o(i.HardFault_Handler) for HardFault_Handler
    startup_stm32f072xb.o(RESET) refers to stm32f0xx_it.o(i.SVC_Handler) for SVC_Handler
    startup_stm32f072xb.o(RESET) refers to stm32f0xx_it.o(i.PendSV_Handler) for PendSV_Handler
    startup_stm32f072xb.o(RESET) refers to stm32f0xx_it.o(i.SysTick_Handler) for SysTick_Handler
    startup_stm32f072xb.o(RESET) refers to timers.o(i.TIM6_DAC_IRQHandler) for TIM6_DAC_IRQHandler
    startup_stm32f072xb.o(RESET) refers to usarts.o(i.USART1_IRQHandler) for USART1_IRQHandler
    startup_stm32f072xb.o(RESET) refers to usarts.o(i.USART3_4_IRQHandler) for USART3_4_IRQHandler
    startup_stm32f072xb.o(.text) refers to system_stm32f0xx.o(i.SystemInit) for SystemInit
    startup_stm32f072xb.o(.text) refers to entry.o(.ARM.Collect$$$$00000000) for __main
    main.o(i.SystemClock_Config) refers to memseta.o(.text) for __aeabi_memclr4
    main.o(i.SystemClock_Config) refers to stm32f0xx_hal_rcc.o(i.HAL_RCC_OscConfig) for HAL_RCC_OscConfig
    main.o(i.SystemClock_Config) refers to stm32f0xx_hal_rcc.o(i.HAL_RCC_ClockConfig) for HAL_RCC_ClockConfig
    main.o(i.chair_init) refers to printfa.o(i.__0printf) for __2printf
    main.o(i.chair_init) refers to motors.o(i.motors_init) for motors_init
    main.o(i.chair_init) refers to leds.o(i.LEDs_init) for LEDs_init
    main.o(i.chair_init) refers to game_parser.o(i.game_parser_init) for game_parser_init
    main.o(i.chair_init) refers to bno055.o(i.BNO055_init) for BNO055_init
    main.o(i.debug_menu) refers to printfa.o(i.__0printf) for __2printf
    main.o(i.debug_menu) refers to main.o(i.reset_values) for reset_values
    main.o(i.debug_menu) refers to putty.o(i.putty_debug_prompt) for putty_debug_prompt
    main.o(i.debug_menu) refers to putty.o(i.putty_putc) for putty_putc
    main.o(i.debug_menu) refers to putty.o(i.putty_print) for putty_print
    main.o(i.debug_menu) refers to putty.o(i.putty_unrecognized_prompt) for putty_unrecognized_prompt
    main.o(i.debug_menu) refers to usarts.o(i.wait_for_USART3_data) for wait_for_USART3_data
    main.o(i.debug_menu) refers to motors.o(i.step_roll_motor) for step_roll_motor
    main.o(i.debug_menu) refers to motors.o(i.step_pitch_motor) for step_pitch_motor
    main.o(i.debug_menu) refers to bno055.o(i.BNO055_request_data) for BNO055_request_data
    main.o(i.game_menu) refers to printfa.o(i.__0printf) for __2printf
    main.o(i.game_menu) refers to main.o(i.reset_values) for reset_values
    main.o(i.game_menu) refers to putty.o(i.putty_game_prompt) for putty_game_prompt
    main.o(i.game_menu) refers to putty.o(i.recieved_putty_cmd) for recieved_putty_cmd
    main.o(i.game_menu) refers to putty.o(i.get_putty_cmd) for get_putty_cmd
    main.o(i.game_menu) refers to putty.o(i.putty_print) for putty_print
    main.o(i.main) refers to stm32f0xx_hal.o(i.HAL_Init) for HAL_Init
    main.o(i.main) refers to main.o(i.SystemClock_Config) for SystemClock_Config
    main.o(i.main) refers to main.o(i.chair_init) for chair_init
    main.o(i.main) refers to main.o(i.main_menu) for main_menu
    main.o(i.main_menu) refers to printfa.o(i.__0printf) for __2printf
    main.o(i.main_menu) refers to main.o(i.reset_values) for reset_values
    main.o(i.main_menu) refers to putty.o(i.putty_putc) for putty_putc
    main.o(i.main_menu) refers to putty.o(i.putty_unrecognized_prompt) for putty_unrecognized_prompt
    main.o(i.main_menu) refers to usarts.o(i.wait_for_USART3_data) for wait_for_USART3_data
    main.o(i.main_menu) refers to putty.o(i.putty_goodbye_prompt) for putty_goodbye_prompt
    main.o(i.main_menu) refers to main.o(i.debug_menu) for debug_menu
    main.o(i.main_menu) refers to main.o(i.game_menu) for game_menu
    main.o(i.main_menu) refers to putty.o(i.putty_main_prompt) for putty_main_prompt
    main.o(i.reset_values) refers to printfa.o(i.__0printf) for __2printf
    main.o(i.reset_values) refers to motors.o(i.set_target_roll_steps) for set_target_roll_steps
    main.o(i.reset_values) refers to motors.o(i.set_target_pitch_steps) for set_target_pitch_steps
    stm32f0xx_it.o(i.SysTick_Handler) refers to stm32f0xx_hal.o(i.HAL_IncTick) for HAL_IncTick
    bno055.o(i.BNO055_gryo_is_calib) refers to usarts.o(i.transmit_char) for transmit_char
    bno055.o(i.BNO055_gryo_is_calib) refers to usarts.o(i.USART1_read_successfully) for USART1_read_successfully
    bno055.o(i.BNO055_init) refers to printfa.o(i.__0printf) for __2printf
[...]
    printfa.o(i.__0sprintf) refers to printfa.o(i._sputc) for _sputc
    printfa.o(i.__0vfprintf) refers (Special) to iusefp.o(.text) for __I$use$fp
    printfa.o(i.__0vfprintf) refers to printfa.o(i._printf_core) for _printf_core
    printfa.o(i.__0vfprintf) refers to retarget_io.o(i.fputc) for fputc
    printfa.o(i.__0vprintf) refers (Special) to iusefp.o(.text) for __I$use$fp
    printfa.o(i.__0vprintf) refers to printfa.o(i._printf_core) for _printf_core
    printfa.o(i.__0vprintf) refers to retarget_io.o(i.fputc) for fputc
    printfa.o(i.__0vprintf) refers to stdout.o(.data) for __stdout
    printfa.o(i.__0vsnprintf) refers (Special) to iusefp.o(.text) for __I$use$fp
    printfa.o(i.__0vsnprintf) refers to printfa.o(i._printf_core) for _printf_core
    printfa.o(i.__0vsnprintf) refers to printfa.o(i._snputc) for _snputc
    printfa.o(i.__0vsprintf) refers (Special) to iusefp.o(.text) for __I$use$fp
    printfa.o(i.__0vsprintf) refers to printfa.o(i._printf_core) for _printf_core
    printfa.o(i.__0vsprintf) refers to printfa.o(i._sputc) for _sputc
    printfa.o(i._fp_digits) refers (Special) to iusefp.o(.text) for __I$use$fp
    printfa.o(i._fp_digits) refers to dmul.o(.text) for __aeabi_dmul
    printfa.o(i._fp_digits) refers to ddiv.o(.text) for __aeabi_ddiv
    printfa.o(i._fp_digits) refers to cdrcmple.o(.text) for __aeabi_cdrcmple
    printfa.o(i._fp_digits) refers to dadd.o(.text) for __aeabi_dadd
    printfa.o(i._fp_digits) refers to dfixul.o(.text) for __aeabi_d2ulz
    printfa.o(i._fp_digits) refers to uldiv.o(.text) for __aeabi_uldivmod
    printfa.o(i._printf_core) refers (Special) to iusefp.o(.text) for __I$use$fp
    printfa.o(i._printf_core) refers to printfa.o(i._printf_pre_padding) for _printf_pre_padding
    printfa.o(i._printf_core) refers to uldiv.o(.text) for __aeabi_uldivmod
    printfa.o(i._printf_core) refers to printfa.o(i._printf_post_padding) for _printf_post_padding
    printfa.o(i._printf_core) refers to printfa.o(i._fp_digits) for _fp_digits
    printfa.o(i._printf_core) refers to uidiv.o(.text) for __aeabi_uidivmod
    printfa.o(i._printf_post_padding) refers (Special) to iusefp.o(.text) for __I$use$fp
    printfa.o(i._printf_pre_padding) refers (Special) to iusefp.o(.text) for __I$use$fp
    printfa.o(i._snputc) refers (Special) to iusefp.o(.text) for __I$use$fp
    printfa.o(i._sputc) refers (Special) to iusefp.o(.text) for __I$use$fp
    fmul.o(.text) refers (Special) to iusefp.o(.text) for __I$use$fp
    ffltui.o(.text) refers (Special) to iusefp.o(.text) for __I$use$fp
    ffltui.o(.text) refers to fepilogue.o(.text) for _float_epilogue
    f2d.o(.text) refers (Special) to iusefp.o(.text) for __I$use$fp
    entry2.o(.ARM.Collect$$$$00000001) refers to entry2.o(.ARM.Collect$$$$00002712) for __lit__00000000
    entry2.o(.ARM.Collect$$$$00002712) refers to startup_stm32f072xb.o(STACK) for __initial_sp
    entry2.o(__vectab_stack_and_reset_area) refers to startup_stm32f072xb.o(STACK) for __initial_sp
    entry2.o(__vectab_stack_and_reset_area) refers to entry.o(.ARM.Collect$$$$00000000) for __main
    entry5.o(.ARM.Collect$$$$00000004) refers to init.o(.text) for __scatterload
    entry9a.o(.ARM.Collect$$$$0000000B) refers to main.o(i.main) for main
    entry9b.o(.ARM.Collect$$$$0000000C) refers to main.o(i.main) for main
    uldiv.o(.text) refers to llushr.o(.text) for __aeabi_llsr
    uldiv.o(.text) refers to llshl.o(.text) for __aeabi_llsl
    dadd.o(.text) refers to llshl.o(.text) for __aeabi_llsl
    dadd.o(.text) refers to llsshr.o(.text) for __aeabi_lasr
    dadd.o(.text) refers to depilogue.o(.text) for _double_epilogue
    dmul.o(.text) refers to depilogue.o(.text) for _double_epilogue
    ddiv.o(.text) refers to depilogue.o(.text) for _double_round
    dfixul.o(.text) refers to llushr.o(.text) for __aeabi_llsr
    dfixul.o(.text) refers to llshl.o(.text) for __aeabi_llsl
    init.o(.text) refers to entry5.o(.ARM.Collect$$$$00000004) for __main_after_scatterload
    depilogue.o(.text) refers to depilogue.o(i.__ARM_clz) for __ARM_clz
    depilogue.o(.text) refers to llshl.o(.text) for __aeabi_llsl
    depilogue.o(.text) refers to llushr.o(.text) for __aeabi_llsr


==============================================================================

Removing Unused input sections from the image.

    Removing startup_stm32f072xb.o(HEAP), (512 bytes).
    Removing main.o(.rev16_text), (4 bytes).
    Removing main.o(.revsh_text), (4 bytes).
    Removing main.o(i.Error_Handler), (2 bytes).
    Removing stm32f0xx_it.o(.rev16_text), (4 bytes).
    Removing stm32f0xx_it.o(.revsh_text), (4 bytes).
    Removing stm32f0xx_hal_msp.o(.rev16_text), (4 bytes).
    Removing stm32f0xx_hal_msp.o(.revsh_text), (4 bytes).
    Removing bno055.o(.rev16_text), (4 bytes).
    Removing bno055.o(.revsh_text), (4 bytes).
    Removing bno055.o(i.BNO055_refresh_orientation), (96 bytes).
    Removing game_parser.o(.rev16_text), (4 bytes).
    Removing game_parser.o(.revsh_text), (4 bytes).
    Removing game_parser.o(i.wait_for_game_data), (132 bytes).
    Removing gpios.o(.rev16_text), (4 bytes).
    Removing gpios.o(.revsh_text), (4 bytes).
    Removing leds.o(.rev16_text), (4 bytes).
    Removing leds.o(.revsh_text), (4 bytes).
    Removing motors.o(.rev16_text), (4 bytes).
    Removing motors.o(.revsh_text), (4 bytes).
    Removing motors.o(i.degrees_to_pitch_steps), (16 bytes).
    Removing motors.o(i.degrees_to_roll_steps), (16 bytes).
    Removing motors.o(i.degrees_to_steps), (16 bytes).
    Removing motors.o(i.set_direction_pins), (36 bytes).
    Removing motors.o(i.steps_to_degrees), (14 bytes).
    Removing motors.o(i.toggle_step_pin), (128 bytes).
    Removing motors.o(i.update_motors), (188 bytes).
    Removing putty.o(.rev16_text), (4 bytes).
    Removing putty.o(.revsh_text), (4 bytes).
    Removing timers.o(.rev16_text), (4 bytes).
    Removing timers.o(.revsh_text), (4 bytes).
    Removing timers.o(i.TIM6_init), (80 bytes).
    Removing usarts.o(.rev16_text), (4 bytes).
    Removing usarts.o(.revsh_text), (4 bytes).
    Removing usarts.o(i.get_orientation_data), (32 bytes).
    Removing usarts.o(i.has_new_orientation), (12 bytes).
    Removing usarts.o(i.wait_for_USART3_char), (20 bytes).
    Removing stm32f0xx_hal_tim.o(.rev16_text), (4 bytes).
    Removing stm32f0xx_hal_tim.o(.revsh_text), (4 bytes).
    Removing stm32f0xx_hal_tim_ex.o(.rev16_text), (4 bytes).
    Removing stm32f0xx_hal_tim_ex.o(.revsh_text), (4 bytes).
    Removing stm32f0xx_hal_rcc.o(.rev16_text), (4 bytes).
    Removing stm32f0xx_hal_rcc.o(.revsh_text), (4 bytes).
    Removing stm32f0xx_hal_rcc.o(i.HAL_RCC_CSSCallback), (2 bytes).
    Removing stm32f0xx_hal_rcc.o(i.HAL_RCC_DeInit), (76 bytes).
    Removing stm32f0xx_hal_rcc.o(i.HAL_RCC_DisableCSS), (20 bytes).
    Removing stm32f0xx_hal_rcc.o(i.HAL_RCC_EnableCSS), (20 bytes).
    Removing stm32f0xx_hal_rcc.o(i.HAL_RCC_GetClockConfig), (56 bytes).
    Removing stm32f0xx_hal_rcc.o(i.HAL_RCC_GetOscConfig), (164 bytes).
    Removing stm32f0xx_hal_rcc.o(i.HAL_RCC_GetPCLK1Freq), (32 bytes).
    Removing stm32f0xx_hal_rcc.o(i.HAL_RCC_MCOConfig), (80 bytes).
    Removing stm32f0xx_hal_rcc.o(i.HAL_RCC_NMI_IRQHandler), (24 bytes).
    Removing stm32f0xx_hal_rcc_ex.o(.rev16_text), (4 bytes).
    Removing stm32f0xx_hal_rcc_ex.o(.revsh_text), (4 bytes).
    Removing stm32f0xx_hal_rcc_ex.o(i.HAL_RCCEx_CRSConfig), (72 bytes).
    Removing stm32f0xx_hal_rcc_ex.o(i.HAL_RCCEx_CRSGetSynchronizationInfo), (40 bytes).
    Removing stm32f0xx_hal_rcc_ex.o(i.HAL_RCCEx_CRSSoftwareSynchronizationGenerate), (16 bytes).
    Removing stm32f0xx_hal_rcc_ex.o(i.HAL_RCCEx_CRSWaitSynchronization), (120 bytes).
    Removing stm32f0xx_hal_rcc_ex.o(i.HAL_RCCEx_CRS_ErrorCallback), (2 bytes).
    Removing stm32f0xx_hal_rcc_ex.o(i.HAL_RCCEx_CRS_ExpectedSyncCallback), (2 bytes).
    Removing stm32f0xx_hal_rcc_ex.o(i.HAL_RCCEx_CRS_IRQHandler), (112 bytes).
    Removing stm32f0xx_hal_rcc_ex.o(i.HAL_RCCEx_CRS_SyncOkCallback), (2 bytes).
    Removing stm32f0xx_hal_rcc_ex.o(i.HAL_RCCEx_CRS_SyncWarnCallback), (2 bytes).
    Removing stm32f0xx_hal_rcc_ex.o(i.HAL_RCCEx_GetPeriphCLKConfig), (92 bytes).
    Removing stm32f0xx_hal_rcc_ex.o(i.HAL_RCCEx_GetPeriphCLKFreq), (308 bytes).
    Removing stm32f0xx_hal_rcc_ex.o(i.HAL_RCCEx_PeriphCLKConfig), (288 bytes).
    Removing stm32f0xx_hal.o(.rev16_text), (4 bytes).
    Removing stm32f0xx_hal.o(.revsh_text), (4 bytes).
    Removing stm32f0xx_hal.o(i.HAL_DBGMCU_DisableDBGStandbyMode), (16 bytes).
    Removing stm32f0xx_hal.o(i.HAL_DBGMCU_DisableDBGStopMode), (16 bytes).
    Removing stm32f0xx_hal.o(i.HAL_DBGMCU_EnableDBGStandbyMode), (16 bytes).
    Removing stm32f0xx_hal.o(i.HAL_DBGMCU_EnableDBGStopMode), (16 bytes).
    Removing stm32f0xx_hal.o(i.HAL_DeInit), (36 bytes).
    Removing stm32f0xx_hal.o(i.HAL_GetDEVID), (16 bytes).
    Removing stm32f0xx_hal.o(i.HAL_GetHalVersion), (8 bytes).
    Removing stm32f0xx_hal.o(i.HAL_GetREVID), (12 bytes).
    Removing stm32f0xx_hal.o(i.HAL_GetUIDw0), (12 bytes).
    Removing stm32f0xx_hal.o(i.HAL_GetUIDw1), (12 bytes).
    Removing stm32f0xx_hal.o(i.HAL_GetUIDw2), (12 bytes).
    Removing stm32f0xx_hal.o(i.HAL_MspDeInit), (2 bytes).
    Removing stm32f0xx_hal.o(i.HAL_MspInit), (2 bytes).
    Removing stm32f0xx_hal.o(i.HAL_ResumeTick), (16 bytes).
    Removing stm32f0xx_hal.o(i.HAL_SuspendTick), (16 bytes).
    Removing stm32f0xx_hal_i2c.o(.rev16_text), (4 bytes).
    Removing stm32f0xx_hal_i2c.o(.revsh_text), (4 bytes).
    Removing stm32f0xx_hal_i2c.o(i.HAL_I2C_AbortCpltCallback), (2 bytes).
    Removing stm32f0xx_hal_i2c.o(i.HAL_I2C_AddrCallback), (2 bytes).
    Removing stm32f0xx_hal_i2c.o(i.HAL_I2C_DeInit), (52 bytes).
    Removing stm32f0xx_hal_i2c.o(i.HAL_I2C_DisableListen_IT), (48 bytes).
    Removing stm32f0xx_hal_i2c.o(i.HAL_I2C_ER_IRQHandler), (88 bytes).
    Removing stm32f0xx_hal_i2c.o(i.HAL_I2C_EV_IRQHandler), (16 bytes).
    Removing stm32f0xx_hal_i2c.o(i.HAL_I2C_EnableListen_IT), (40 bytes).
    Removing stm32f0xx_hal_i2c.o(i.HAL_I2C_ErrorCallback), (2 bytes).
    Removing stm32f0xx_hal_i2c.o(i.HAL_I2C_GetError), (4 bytes).
    Removing stm32f0xx_hal_i2c.o(i.HAL_I2C_GetMode), (6 bytes).
    Removing stm32f0xx_hal_i2c.o(i.HAL_I2C_GetState), (6 bytes).
    Removing stm32f0xx_hal_i2c.o(i.HAL_I2C_Init), (180 bytes).
    Removing stm32f0xx_hal_i2c.o(i.HAL_I2C_IsDeviceReady), (284 bytes).
    Removing stm32f0xx_hal_i2c.o(i.HAL_I2C_ListenCpltCallback), (2 bytes).
    Removing stm32f0xx_hal_i2c.o(i.HAL_I2C_MasterRxCpltCallback), (2 bytes).
    Removing stm32f0xx_hal_i2c.o(i.HAL_I2C_MasterTxCpltCallback), (2 bytes).
    Removing stm32f0xx_hal_i2c.o(i.HAL_I2C_Master_Abort_IT), (88 bytes).
    Removing stm32f0xx_hal_i2c.o(i.HAL_I2C_Master_Receive), (280 bytes).
    Removing stm32f0xx_hal_i2c.o(i.HAL_I2C_Master_Receive_DMA), (236 bytes).
    Removing stm32f0xx_hal_i2c.o(i.HAL_I2C_Master_Receive_IT), (124 bytes).
    Removing stm32f0xx_hal_i2c.o(i.HAL_I2C_Master_Sequential_Receive_IT), (116 bytes).
    Removing stm32f0xx_hal_i2c.o(i.HAL_I2C_Master_Sequential_Transmit_IT), (116 bytes).
    Removing stm32f0xx_hal_i2c.o(i.HAL_I2C_Master_Transmit), (280 bytes).
    Removing stm32f0xx_hal_i2c.o(i.HAL_I2C_Master_Transmit_DMA), (240 bytes).
    Removing stm32f0xx_hal_i2c.o(i.HAL_I2C_Master_Transmit_IT), (124 bytes).
    Removing stm32f0xx_hal_i2c.o(i.HAL_I2C_MemRxCpltCallback), (2 bytes).
    Removing stm32f0xx_hal_i2c.o(i.HAL_I2C_MemTxCpltCallback), (2 bytes).
    Removing stm32f0xx_hal_i2c.o(i.HAL_I2C_Mem_Read), (344 bytes).
    Removing stm32f0xx_hal_i2c.o(i.HAL_I2C_Mem_Read_DMA), (248 bytes).
    Removing stm32f0xx_hal_i2c.o(i.HAL_I2C_Mem_Read_IT), (188 bytes).
    Removing stm32f0xx_hal_i2c.o(i.HAL_I2C_Mem_Write), (340 bytes).
    Removing stm32f0xx_hal_i2c.o(i.HAL_I2C_Mem_Write_DMA), (244 bytes).
    Removing stm32f0xx_hal_i2c.o(i.HAL_I2C_Mem_Write_IT), (184 bytes).
    Removing stm32f0xx_hal_i2c.o(i.HAL_I2C_MspDeInit), (2 bytes).
    Removing stm32f0xx_hal_i2c.o(i.HAL_I2C_MspInit), (2 bytes).
    Removing stm32f0xx_hal_i2c.o(i.HAL_I2C_SlaveRxCpltCallback), (2 bytes).
    Removing stm32f0xx_hal_i2c.o(i.HAL_I2C_SlaveTxCpltCallback), (2 bytes).
    Removing stm32f0xx_hal_i2c.o(i.HAL_I2C_Slave_Receive), (292 bytes).
    Removing stm32f0xx_hal_i2c.o(i.HAL_I2C_Slave_Receive_DMA), (156 bytes).
    Removing stm32f0xx_hal_i2c.o(i.HAL_I2C_Slave_Receive_IT), (88 bytes).
    Removing stm32f0xx_hal_i2c.o(i.HAL_I2C_Slave_Sequential_Receive_IT), (144 bytes).
    Removing stm32f0xx_hal_i2c.o(i.HAL_I2C_Slave_Sequential_Transmit_IT), (144 bytes).
    Removing stm32f0xx_hal_i2c.o(i.HAL_I2C_Slave_Transmit), (300 bytes).
    Removing stm32f0xx_hal_i2c.o(i.HAL_I2C_Slave_Transmit_DMA), (156 bytes).
    Removing stm32f0xx_hal_i2c.o(i.HAL_I2C_Slave_Transmit_IT), (88 bytes).
    Removing stm32f0xx_hal_i2c.o(i.I2C_DMAAbort), (52 bytes).
    Removing stm32f0xx_hal_i2c.o(i.I2C_DMAError), (24 bytes).
    Removing stm32f0xx_hal_i2c.o(i.I2C_DMAMasterReceiveCplt), (68 bytes).
    Removing stm32f0xx_hal_i2c.o(i.I2C_DMAMasterTransmitCplt), (68 bytes).
    Removing stm32f0xx_hal_i2c.o(i.I2C_DMASlaveReceiveCplt), (2 bytes).
    Removing stm32f0xx_hal_i2c.o(i.I2C_DMASlaveTransmitCplt), (2 bytes).
    Removing stm32f0xx_hal_i2c.o(i.I2C_Disable_IRQ), (86 bytes).
    Removing stm32f0xx_hal_i2c.o(i.I2C_Enable_IRQ), (100 bytes).
    Removing stm32f0xx_hal_i2c.o(i.I2C_Flush_TXDR), (34 bytes).
    Removing stm32f0xx_hal_i2c.o(i.I2C_ITAddrCplt), (122 bytes).
    Removing stm32f0xx_hal_i2c.o(i.I2C_ITError), (204 bytes).
    Removing stm32f0xx_hal_i2c.o(i.I2C_ITListenCplt), (96 bytes).
    Removing stm32f0xx_hal_i2c.o(i.I2C_ITMasterCplt), (160 bytes).
    Removing stm32f0xx_hal_i2c.o(i.I2C_ITMasterSequentialCplt), (70 bytes).
    Removing stm32f0xx_hal_i2c.o(i.I2C_ITSlaveCplt), (232 bytes).
    Removing stm32f0xx_hal_i2c.o(i.I2C_ITSlaveSequentialCplt), (74 bytes).
    Removing stm32f0xx_hal_i2c.o(i.I2C_IsAcknowledgeFailed), (116 bytes).
    Removing stm32f0xx_hal_i2c.o(i.I2C_Master_ISR_DMA), (194 bytes).
    Removing stm32f0xx_hal_i2c.o(i.I2C_Master_ISR_IT), (296 bytes).
    Removing stm32f0xx_hal_i2c.o(i.I2C_RequestMemoryRead), (106 bytes).
    Removing stm32f0xx_hal_i2c.o(i.I2C_RequestMemoryWrite), (106 bytes).
    Removing stm32f0xx_hal_i2c.o(i.I2C_Slave_ISR_DMA), (104 bytes).
    Removing stm32f0xx_hal_i2c.o(i.I2C_Slave_ISR_IT), (280 bytes).
    Removing stm32f0xx_hal_i2c.o(i.I2C_TransferConfig), (36 bytes).
    Removing stm32f0xx_hal_i2c.o(i.I2C_WaitOnFlagUntilTimeout), (72 bytes).
    Removing stm32f0xx_hal_i2c.o(i.I2C_WaitOnRXNEFlagUntilTimeout), (120 bytes).
    Removing stm32f0xx_hal_i2c.o(i.I2C_WaitOnSTOPFlagUntilTimeout), (78 bytes).
    Removing stm32f0xx_hal_i2c.o(i.I2C_WaitOnTXISFlagUntilTimeout), (82 bytes).
    Removing stm32f0xx_hal_i2c_ex.o(.rev16_text), (4 bytes).
    Removing stm32f0xx_hal_i2c_ex.o(.revsh_text), (4 bytes).
    Removing stm32f0xx_hal_i2c_ex.o(i.HAL_I2CEx_ConfigAnalogFilter), (74 bytes).
    Removing stm32f0xx_hal_i2c_ex.o(i.HAL_I2CEx_ConfigDigitalFilter), (72 bytes).
    Removing stm32f0xx_hal_i2c_ex.o(i.HAL_I2CEx_DisableFastModePlus), (36 bytes).
    Removing stm32f0xx_hal_i2c_ex.o(i.HAL_I2CEx_DisableWakeUp), (66 bytes).
    Removing stm32f0xx_hal_i2c_ex.o(i.HAL_I2CEx_EnableFastModePlus), (36 bytes).
    Removing stm32f0xx_hal_i2c_ex.o(i.HAL_I2CEx_EnableWakeUp), (66 bytes).
    Removing stm32f0xx_hal_gpio.o(.rev16_text), (4 bytes).
    Removing stm32f0xx_hal_gpio.o(.revsh_text), (4 bytes).
    Removing stm32f0xx_hal_gpio.o(i.HAL_GPIO_DeInit), (228 bytes).
    Removing stm32f0xx_hal_gpio.o(i.HAL_GPIO_EXTI_Callback), (2 bytes).
    Removing stm32f0xx_hal_gpio.o(i.HAL_GPIO_EXTI_IRQHandler), (24 bytes).
    Removing stm32f0xx_hal_gpio.o(i.HAL_GPIO_LockPin), (36 bytes).
    Removing stm32f0xx_hal_gpio.o(i.HAL_GPIO_ReadPin), (10 bytes).
    Removing stm32f0xx_hal_gpio.o(i.HAL_GPIO_TogglePin), (8 bytes).
    Removing stm32f0xx_hal_dma.o(.rev16_text), (4 bytes).
    Removing stm32f0xx_hal_dma.o(.revsh_text), (4 bytes).
    Removing stm32f0xx_hal_dma.o(i.DMA_CalcBaseAndBitshift), (36 bytes).
    Removing stm32f0xx_hal_dma.o(i.DMA_SetConfig), (40 bytes).
    Removing stm32f0xx_hal_dma.o(i.HAL_DMA_Abort), (44 bytes).
    Removing stm32f0xx_hal_dma.o(i.HAL_DMA_Abort_IT), (72 bytes).
    Removing stm32f0xx_hal_dma.o(i.HAL_DMA_DeInit), (66 bytes).
    Removing stm32f0xx_hal_dma.o(i.HAL_DMA_GetError), (4 bytes).
    Removing stm32f0xx_hal_dma.o(i.HAL_DMA_GetState), (6 bytes).
    Removing stm32f0xx_hal_dma.o(i.HAL_DMA_IRQHandler), (156 bytes).
    Removing stm32f0xx_hal_dma.o(i.HAL_DMA_Init), (88 bytes).
    Removing stm32f0xx_hal_dma.o(i.HAL_DMA_PollForTransfer), (176 bytes).
    Removing stm32f0xx_hal_dma.o(i.HAL_DMA_RegisterCallback), (72 bytes).
    Removing stm32f0xx_hal_dma.o(i.HAL_DMA_Start), (74 bytes).
    Removing stm32f0xx_hal_dma.o(i.HAL_DMA_Start_IT), (106 bytes).
    Removing stm32f0xx_hal_dma.o(i.HAL_DMA_UnRegisterCallback), (78 bytes).
    Removing stm32f0xx_hal_cortex.o(.rev16_text), (4 bytes).
    Removing stm32f0xx_hal_cortex.o(.revsh_text), (4 bytes).
    Removing stm32f0xx_hal_cortex.o(i.HAL_NVIC_ClearPendingIRQ), (20 bytes).
    Removing stm32f0xx_hal_cortex.o(i.HAL_NVIC_DisableIRQ), (20 bytes).
    Removing stm32f0xx_hal_cortex.o(i.HAL_NVIC_EnableIRQ), (20 bytes).
    Removing stm32f0xx_hal_cortex.o(i.HAL_NVIC_GetPendingIRQ), (28 bytes).
    Removing stm32f0xx_hal_cortex.o(i.HAL_NVIC_GetPriority), (52 bytes).
    Removing stm32f0xx_hal_cortex.o(i.HAL_NVIC_SetPendingIRQ), (20 bytes).
    Removing stm32f0xx_hal_cortex.o(i.HAL_NVIC_SystemReset), (28 bytes).
    Removing stm32f0xx_hal_cortex.o(i.HAL_SYSTICK_CLKSourceConfig), (24 bytes).
    Removing stm32f0xx_hal_cortex.o(i.HAL_SYSTICK_Callback), (2 bytes).
    Removing stm32f0xx_hal_cortex.o(i.HAL_SYSTICK_IRQHandler), (8 bytes).
    Removing stm32f0xx_hal_pwr.o(.rev16_text), (4 bytes).
    Removing stm32f0xx_hal_pwr.o(.revsh_text), (4 bytes).
    Removing stm32f0xx_hal_pwr.o(i.HAL_PWR_DeInit), (24 bytes).
    Removing stm32f0xx_hal_pwr.o(i.HAL_PWR_DisableBkUpAccess), (16 bytes).
    Removing stm32f0xx_hal_pwr.o(i.HAL_PWR_DisableSEVOnPend), (16 bytes).
    Removing stm32f0xx_hal_pwr.o(i.HAL_PWR_DisableSleepOnExit), (16 bytes).
    Removing stm32f0xx_hal_pwr.o(i.HAL_PWR_DisableWakeUpPin), (16 bytes).
    Removing stm32f0xx_hal_pwr.o(i.HAL_PWR_EnableBkUpAccess), (16 bytes).
    Removing stm32f0xx_hal_pwr.o(i.HAL_PWR_EnableSEVOnPend), (16 bytes).
    Removing stm32f0xx_hal_pwr.o(i.HAL_PWR_EnableSleepOnExit), (16 bytes).
    Removing stm32f0xx_hal_pwr.o(i.HAL_PWR_EnableWakeUpPin), (16 bytes).
    Removing stm32f0xx_hal_pwr.o(i.HAL_PWR_EnterSLEEPMode), (32 bytes).
    Removing stm32f0xx_hal_pwr.o(i.HAL_PWR_EnterSTANDBYMode), (32 bytes).
    Removing stm32f0xx_hal_pwr.o(i.HAL_PWR_EnterSTOPMode), (52 bytes).
    Removing stm32f0xx_hal_pwr_ex.o(.rev16_text), (4 bytes).
    Removing stm32f0xx_hal_pwr_ex.o(.revsh_text), (4 bytes).
    Removing stm32f0xx_hal_pwr_ex.o(i.HAL_PWREx_DisableVddio2Monitor), (32 bytes).
    Removing stm32f0xx_hal_pwr_ex.o(i.HAL_PWREx_EnableVddio2Monitor), (24 bytes).
    Removing stm32f0xx_hal_pwr_ex.o(i.HAL_PWREx_Vddio2MonitorCallback), (2 bytes).
    Removing stm32f0xx_hal_pwr_ex.o(i.HAL_PWREx_Vddio2Monitor_IRQHandler), (24 bytes).
    Removing stm32f0xx_hal_pwr_ex.o(i.HAL_PWR_ConfigPVD), (104 bytes).
    Removing stm32f0xx_hal_pwr_ex.o(i.HAL_PWR_DisablePVD), (16 bytes).
    Removing stm32f0xx_hal_pwr_ex.o(i.HAL_PWR_EnablePVD), (16 bytes).
    Removing stm32f0xx_hal_pwr_ex.o(i.HAL_PWR_PVDCallback), (2 bytes).
    Removing stm32f0xx_hal_pwr_ex.o(i.HAL_PWR_PVD_IRQHandler), (28 bytes).
    Removing stm32f0xx_hal_flash.o(.rev16_text), (4 bytes).
    Removing stm32f0xx_hal_flash.o(.revsh_text), (4 bytes).
    Removing stm32f0xx_hal_flash.o(i.FLASH_Program_HalfWord), (32 bytes).
    Removing stm32f0xx_hal_flash.o(i.FLASH_SetErrorCode), (56 bytes).
    Removing stm32f0xx_hal_flash.o(i.FLASH_WaitForLastOperation), (80 bytes).
    Removing stm32f0xx_hal_flash.o(i.HAL_FLASH_EndOfOperationCallback), (2 bytes).
    Removing stm32f0xx_hal_flash.o(i.HAL_FLASH_GetError), (12 bytes).
    Removing stm32f0xx_hal_flash.o(i.HAL_FLASH_IRQHandler), (268 bytes).
    Removing stm32f0xx_hal_flash.o(i.HAL_FLASH_Lock), (20 bytes).
    Removing stm32f0xx_hal_flash.o(i.HAL_FLASH_OB_Launch), (32 bytes).
    Removing stm32f0xx_hal_flash.o(i.HAL_FLASH_OB_Lock), (20 bytes).
    Removing stm32f0xx_hal_flash.o(i.HAL_FLASH_OB_Unlock), (36 bytes).
    Removing stm32f0xx_hal_flash.o(i.HAL_FLASH_OperationErrorCallback), (2 bytes).
    Removing stm32f0xx_hal_flash.o(i.HAL_FLASH_Program), (124 bytes).
    Removing stm32f0xx_hal_flash.o(i.HAL_FLASH_Program_IT), (100 bytes).
    Removing stm32f0xx_hal_flash.o(i.HAL_FLASH_Unlock), (36 bytes).
    Removing stm32f0xx_hal_flash.o(.bss), (32 bytes).
    Removing stm32f0xx_hal_flash_ex.o(.rev16_text), (4 bytes).
    Removing stm32f0xx_hal_flash_ex.o(.revsh_text), (4 bytes).
    Removing stm32f0xx_hal_flash_ex.o(i.FLASH_MassErase), (36 bytes).
    Removing stm32f0xx_hal_flash_ex.o(i.FLASH_OB_DisableWRP), (164 bytes).
    Removing stm32f0xx_hal_flash_ex.o(i.FLASH_OB_EnableWRP), (164 bytes).
    Removing stm32f0xx_hal_flash_ex.o(i.FLASH_OB_GetRDP), (32 bytes).
    Removing stm32f0xx_hal_flash_ex.o(i.FLASH_OB_RDP_LevelConfig), (96 bytes).
    Removing stm32f0xx_hal_flash_ex.o(i.FLASH_PageErase), (36 bytes).
    Removing stm32f0xx_hal_flash_ex.o(i.HAL_FLASHEx_Erase), (160 bytes).
    Removing stm32f0xx_hal_flash_ex.o(i.HAL_FLASHEx_Erase_IT), (88 bytes).
    Removing stm32f0xx_hal_flash_ex.o(i.HAL_FLASHEx_OBErase), (80 bytes).
    Removing stm32f0xx_hal_flash_ex.o(i.HAL_FLASHEx_OBGetConfig), (36 bytes).
    Removing stm32f0xx_hal_flash_ex.o(i.HAL_FLASHEx_OBGetUserData), (28 bytes).
    Removing stm32f0xx_hal_flash_ex.o(i.HAL_FLASHEx_OBProgram), (204 bytes).
    Removing system_stm32f0xx.o(.rev16_text), (4 bytes).
    Removing system_stm32f0xx.o(.revsh_text), (4 bytes).
    Removing system_stm32f0xx.o(i.SystemCoreClockUpdate), (112 bytes).
    Removing system_stm32f0xx.o(.constdata), (8 bytes).
    Removing eventrecorder.o(.rev16_text), (4 bytes).
    Removing eventrecorder.o(.revsh_text), (4 bytes).
    Removing eventrecorder.o(i.EventRecord2), (58 bytes).
    Removing eventrecorder.o(i.EventRecord4), (100 bytes).
    Removing eventrecorder.o(i.EventRecorderClockUpdate), (40 bytes).
    Removing eventrecorder.o(i.EventRecorderDisable), (84 bytes).
    Removing eventrecorder.o(i.EventRecorderEnable), (80 bytes).
    Removing eventrecorder.o(i.EventRecorderInitialize), (264 bytes).
    Removing eventrecorder.o(i.EventRecorderStart), (44 bytes).
    Removing eventrecorder.o(i.EventRecorderStop), (44 bytes).
    Removing eventrecorder.o(i.EventRecorderTimerGetFreq), (4 bytes).
    Removing eventrecorder.o(i.EventRecorderTimerSetup), (16 bytes).
    Removing retarget_io.o(i.__aeabi_assert), (140 bytes).
    Removing retarget_io.o(i.__backspace), (6 bytes).
    Removing retarget_io.o(i.abort), (2 bytes).
    Removing retarget_io.o(i.fgetc), (6 bytes).
    Removing f2d.o(.text), (40 bytes).
    Removing stm32f0xx_hal_dma.o(i.__ARM_common_switch8), (26 bytes).

280 unused section(s) (total 16970 bytes) removed from the image.

==============================================================================

Image Symbol Table

    Local Symbols

    Symbol Name                              Value     Ov Type        Size  Object(Section)

    ../Drivers/STM32F0xx_HAL_Driver/Src/stm32f0xx_hal.c 0x00000000   Number         0  stm32f0xx_hal.o ABSOLUTE
    ../Drivers/STM32F0xx_HAL_Driver/Src/stm32f0xx_hal_cortex.c 0x00000000   Number         0  stm32f0xx_hal_cortex.o ABSOLUTE
    ../Drivers/STM32F0xx_HAL_Driver/Src/stm32f0xx_hal_dma.c 0x00000000   Number         0  stm32f0xx_hal_dma.o ABSOLUTE
    ../Drivers/STM32F0xx_HAL_Driver/Src/stm32f0xx_hal_flash.c 0x00000000   Number         0  stm32f0xx_hal_flash.o ABSOLUTE
    ../Drivers/STM32F0xx_HAL_Driver/Src/stm32f0xx_hal_flash_ex.c 0x00000000   Number         0  stm32f0xx_hal_flash_ex.o ABSOLUTE
    ../Drivers/STM32F0xx_HAL_Driver/Src/stm32f0xx_hal_gpio.c 0x00000000   Number         0  stm32f0xx_hal_gpio.o ABSOLUTE
    ../Drivers/STM32F0xx_HAL_Driver/Src/stm32f0xx_hal_i2c.c 0x00000000   Number         0  stm32f0xx_hal_i2c.o ABSOLUTE
    ../Drivers/STM32F0xx_HAL_Driver/Src/stm32f0xx_hal_i2c_ex.c 0x00000000   Number         0  stm32f0xx_hal_i2c_ex.o ABSOLUTE
    ../Drivers/STM32F0xx_HAL_Driver/Src/stm32f0xx_hal_pwr.c 0x00000000   Number         0  stm32f0xx_hal_pwr.o ABSOLUTE
    ../Drivers/STM32F0xx_HAL_Driver/Src/stm32f0xx_hal_pwr_ex.c 0x00000000   Number         0  stm32f0xx_hal_pwr_ex.o ABSOLUTE
    ../Drivers/STM32F0xx_HAL_Driver/Src/stm32f0xx_hal_rcc.c 0x00000000   Number         0  stm32f0xx_hal_rcc.o ABSOLUTE
    ../Drivers/STM32F0xx_HAL_Driver/Src/stm32f0xx_hal_rcc_ex.c 0x00000000   Number         0  stm32f0xx_hal_rcc_ex.o ABSOLUTE
    ../Drivers/STM32F0xx_HAL_Driver/Src/stm32f0xx_hal_tim.c 0x00000000   Number         0  stm32f0xx_hal_tim.o ABSOLUTE
    ../Drivers/STM32F0xx_HAL_Driver/Src/stm32f0xx_hal_tim_ex.c 0x00000000   Number         0  stm32f0xx_hal_tim_ex.o ABSOLUTE
    ../Src/main.c                            0x00000000   Number         0  main.o ABSOLUTE
    ../Src/stm32f0xx_hal_msp.c               0x00000000   Number         0  stm32f0xx_hal_msp.o ABSOLUTE
    ../Src/stm32f0xx_it.c                    0x00000000   Number         0  stm32f0xx_it.o ABSOLUTE
    ../Src/system_stm32f0xx.c                0x00000000   Number         0  system_stm32f0xx.o ABSOLUTE
    ../clib/microlib/division.c              0x00000000   Number         0  idiv.o ABSOLUTE
    ../clib/microlib/division.c              0x00000000   Number         0  uidiv.o ABSOLUTE
    ../clib/microlib/division.c              0x00000000   Number         0  uldiv.o ABSOLUTE
    ../clib/microlib/init/entry.s            0x00000000   Number         0  entry.o ABSOLUTE
    ../clib/microlib/init/entry.s            0x00000000   Number         0  entry11a.o ABSOLUTE
    ../clib/microlib/init/entry.s            0x00000000   Number         0  entry7a.o ABSOLUTE
    ../clib/microlib/init/entry.s            0x00000000   Number         0  entry5.o ABSOLUTE
    ../clib/microlib/init/entry.s            0x00000000   Number         0  entry9b.o ABSOLUTE
    ../clib/microlib/init/entry.s            0x00000000   Number         0  entry8a.o ABSOLUTE
    ../clib/microlib/init/entry.s            0x00000000   Number         0  entry7b.o ABSOLUTE
    ../clib/microlib/init/entry.s            0x00000000   Number         0  entry8b.o ABSOLUTE
    ../clib/microlib/init/entry.s            0x00000000   Number         0  entry9a.o ABSOLUTE
    ../clib/microlib/init/entry.s            0x00000000   Number         0  entry10b.o ABSOLUTE
    ../clib/microlib/init/entry.s            0x00000000   Number         0  entry10a.o ABSOLUTE
    ../clib/microlib/init/entry.s            0x00000000   Number         0  entry2.o ABSOLUTE
    ../clib/microlib/init/entry.s            0x00000000   Number         0  entry11b.o ABSOLUTE
    ../clib/microlib/longlong.c              0x00000000   Number         0  llshl.o ABSOLUTE
    ../clib/microlib/longlong.c              0x00000000   Number         0  llsshr.o ABSOLUTE
    ../clib/microlib/longlong.c              0x00000000   Number         0  llushr.o ABSOLUTE
    ../clib/microlib/printf/printf.c         0x00000000   Number         0  printf8.o ABSOLUTE
    ../clib/microlib/printf/printf.c         0x00000000   Number         0  printfa.o ABSOLUTE
    ../clib/microlib/printf/printf.c         0x00000000   Number         0  printf3.o ABSOLUTE
    ../clib/microlib/printf/printf.c         0x00000000   Number         0  printf5.o ABSOLUTE
    ../clib/microlib/printf/printf.c         0x00000000   Number         0  printf0.o ABSOLUTE
    ../clib/microlib/printf/printf.c         0x00000000   Number         0  printf1.o ABSOLUTE
    ../clib/microlib/printf/printf.c         0x00000000   Number         0  printf2.o ABSOLUTE
    ../clib/microlib/printf/printf.c         0x00000000   Number         0  printf4.o ABSOLUTE
    ../clib/microlib/printf/printf.c         0x00000000   Number         0  printf7.o ABSOLUTE
    ../clib/microlib/printf/printf.c         0x00000000   Number         0  printf6.o ABSOLUTE
    ../clib/microlib/printf/printf.c         0x00000000   Number         0  printfb.o ABSOLUTE
    ../clib/microlib/printf/stubs.s          0x00000000   Number         0  stubs.o ABSOLUTE
    ../clib/microlib/stdio/fputs.c           0x00000000   Number         0  fputs.o ABSOLUTE
    ../clib/microlib/stdio/fputs.c           0x00000000   Number         0  fputs_e.o ABSOLUTE
    ../clib/microlib/stdio/streams.c         0x00000000   Number         0  stdout.o ABSOLUTE
    ../clib/microlib/stdio/streams.c         0x00000000   Number         0  stderr.o ABSOLUTE
    ../clib/microlib/string/memcpy.c         0x00000000   Number         0  memcpyb.o ABSOLUTE
    ../clib/microlib/string/memcpy.c         0x00000000   Number         0  memcpya.o ABSOLUTE
    ../clib/microlib/string/memset.c         0x00000000   Number         0  memseta.o ABSOLUTE
    ../clib/microlib/stubs.s                 0x00000000   Number         0  iusefp.o ABSOLUTE
    ../fplib/microlib/f2d.c                  0x00000000   Number         0  f2d.o ABSOLUTE
    ../fplib/microlib/fpadd.c                0x00000000   Number         0  dadd.o ABSOLUTE
    ../fplib/microlib/fpdiv.c                0x00000000   Number         0  ddiv.o ABSOLUTE
    ../fplib/microlib/fpepilogue.c           0x00000000   Number         0  fepilogue.o ABSOLUTE
    ../fplib/microlib/fpepilogue.c           0x00000000   Number         0  depilogue.o ABSOLUTE
    ../fplib/microlib/fpfix.c                0x00000000   Number         0  dfixul.o ABSOLUTE
    ../fplib/microlib/fpflt.c                0x00000000   Number         0  ffltui.o ABSOLUTE
    ../fplib/microlib/fpmul.c                0x00000000   Number         0  dmul.o ABSOLUTE
    ../fplib/microlib/fpmul.c                0x00000000   Number         0  fmul.o ABSOLUTE
    ..\Drivers\STM32F0xx_HAL_Driver\Src\stm32f0xx_hal.c 0x00000000   Number         0  stm32f0xx_hal.o ABSOLUTE
    ..\Drivers\STM32F0xx_HAL_Driver\Src\stm32f0xx_hal_cortex.c 0x00000000   Number         0  stm32f0xx_hal_cortex.o ABSOLUTE
    ..\Drivers\STM32F0xx_HAL_Driver\Src\stm32f0xx_hal_dma.c 0x00000000   Number         0  stm32f0xx_hal_dma.o ABSOLUTE
    ..\Drivers\STM32F0xx_HAL_Driver\Src\stm32f0xx_hal_flash.c 0x00000000   Number         0  stm32f0xx_hal_flash.o ABSOLUTE
    ..\Drivers\STM32F0xx_HAL_Driver\Src\stm32f0xx_hal_flash_ex.c 0x00000000   Number         0  stm32f0xx_hal_flash_ex.o ABSOLUTE
    ..\Drivers\STM32F0xx_HAL_Driver\Src\stm32f0xx_hal_gpio.c 0x00000000   Number         0  stm32f0xx_hal_gpio.o ABSOLUTE
    ..\Drivers\STM32F0xx_HAL_Driver\Src\stm32f0xx_hal_i2c.c 0x00000000   Number         0  stm32f0xx_hal_i2c.o ABSOLUTE
    ..\Drivers\STM32F0xx_HAL_Driver\Src\stm32f0xx_hal_i2c_ex.c 0x00000000   Number         0  stm32f0xx_hal_i2c_ex.o ABSOLUTE
    ..\Drivers\STM32F0xx_HAL_Driver\Src\stm32f0xx_hal_pwr.c 0x00000000   Number         0  stm32f0xx_hal_pwr.o ABSOLUTE
    ..\Drivers\STM32F0xx_HAL_Driver\Src\stm32f0xx_hal_pwr_ex.c 0x00000000   Number         0  stm32f0xx_hal_pwr_ex.o ABSOLUTE
    ..\Drivers\STM32F0xx_HAL_Driver\Src\stm32f0xx_hal_rcc.c 0x00000000   Number         0  stm32f0xx_hal_rcc.o ABSOLUTE
    ..\Drivers\STM32F0xx_HAL_Driver\Src\stm32f0xx_hal_rcc_ex.c 0x00000000   Number         0  stm32f0xx_hal_rcc_ex.o ABSOLUTE
    ..\Drivers\STM32F0xx_HAL_Driver\Src\stm32f0xx_hal_tim.c 0x00000000   Number         0  stm32f0xx_hal_tim.o ABSOLUTE
    ..\Drivers\STM32F0xx_HAL_Driver\Src\stm32f0xx_hal_tim_ex.c 0x00000000   Number         0  stm32f0xx_hal_tim_ex.o ABSOLUTE
    ..\Src\BNO055.c                          0x00000000   Number         0  bno055.o ABSOLUTE
    ..\Src\GPIOs.c                           0x00000000   Number         0  gpios.o ABSOLUTE
    ..\Src\LEDs.c                            0x00000000   Number         0  leds.o ABSOLUTE
    ..\Src\USARTs.c                          0x00000000   Number         0  usarts.o ABSOLUTE
    ..\Src\game_parser.c                     0x00000000   Number         0  game_parser.o ABSOLUTE
    ..\Src\main.c                            0x00000000   Number         0  main.o ABSOLUTE
    ..\Src\motors.c                          0x00000000   Number         0  motors.o ABSOLUTE
    ..\Src\putty.c                           0x00000000   Number         0  putty.o ABSOLUTE
    ..\Src\stm32f0xx_hal_msp.c               0x00000000   Number         0  stm32f0xx_hal_msp.o ABSOLUTE
    ..\Src\stm32f0xx_it.c                    0x00000000   Number         0  stm32f0xx_it.o ABSOLUTE
    ..\Src\system_stm32f0xx.c                0x00000000   Number         0  system_stm32f0xx.o ABSOLUTE
    ..\Src\timers.c                          0x00000000   Number         0  timers.o ABSOLUTE
    ..\\Src\\BNO055.c                        0x00000000   Number         0  bno055.o ABSOLUTE
    ..\\Src\\GPIOs.c                         0x00000000   Number         0  gpios.o ABSOLUTE
    ..\\Src\\LEDs.c                          0x00000000   Number         0  leds.o ABSOLUTE
    ..\\Src\\USARTs.c                        0x00000000   Number         0  usarts.o ABSOLUTE
    ..\\Src\\game_parser.c                   0x00000000   Number         0  game_parser.o ABSOLUTE
    ..\\Src\\motors.c                        0x00000000   Number         0  motors.o ABSOLUTE
    ..\\Src\\putty.c                         0x00000000   Number         0  putty.o ABSOLUTE
    ..\\Src\\timers.c                        0x00000000   Number         0  timers.o ABSOLUTE
    C:\Keil_v5\ARM\PACK\Keil\ARM_Compiler\1.6.0\Source\EventRecorder.c 0x00000000   Number         0  eventrecorder.o ABSOLUTE
    C:\Keil_v5\ARM\PACK\Keil\ARM_Compiler\1.6.0\Source\retarget_io.c 0x00000000   Number         0  retarget_io.o ABSOLUTE
    C:\\Keil_v5\\ARM\\PACK\\Keil\\ARM_Compiler\\1.6.0\\Source\\EventRecorder.c 0x00000000   Number         0  eventrecorder.o ABSOLUTE
    cdrcmple.s                               0x00000000   Number         0  cdrcmple.o ABSOLUTE
    dc.s                                     0x00000000   Number         0  dc.o ABSOLUTE
    handlers.s                               0x00000000   Number         0  handlers.o ABSOLUTE
    init.s                                   0x00000000   Number         0  init.o ABSOLUTE
    startup_stm32f072xb.s                    0x00000000   Number         0  startup_stm32f072xb.o ABSOLUTE
    RESET                                    0x08000000   Section      192  startup_stm32f072xb.o(RESET)
    .ARM.Collect$$$$00000000                 0x080000c0   Section        0  entry.o(.ARM.Collect$$$$00000000)
    .ARM.Collect$$$$00000001                 0x080000c0   Section        4  entry2.o(.ARM.Collect$$$$00000001)
    .ARM.Collect$$$$00000004                 0x080000c4   Section        4  entry5.o(.ARM.Collect$$$$00000004)
    .ARM.Collect$$$$00000008                 0x080000c8   Section        0  entry7b.o(.ARM.Collect$$$$00000008)
    .ARM.Collect$$$$0000000A                 0x080000c8   Section        0  entry8b.o(.ARM.Collect$$$$0000000A)
    .ARM.Collect$$$$0000000B                 0x080000c8   Section        8  entry9a.o(.ARM.Collect$$$$0000000B)
    .ARM.Collect$$$$0000000D                 0x080000d0   Section        0  entry10a.o(.ARM.Collect$$$$0000000D)
    .ARM.Collect$$$$0000000F                 0x080000d0   Section        0  entry11a.o(.ARM.Collect$$$$0000000F)
    .ARM.Collect$$$$00002712                 0x080000d0   Section        4  entry2.o(.ARM.Collect$$$$00002712)
    __lit__00000000                          0x080000d0   Data           4  entry2.o(.ARM.Collect$$$$00002712)
    .text                                    0x080000d4   Section       28  startup_stm32f072xb.o(.text)
    .text                                    0x080000f0   Section        0  uidiv.o(.text)
    .text                                    0x0800011c   Section        0  idiv.o(.text)
    .text                                    0x08000144   Section        0  llushr.o(.text)
    .text                                    0x08000166   Section        0  memcpya.o(.text)
    .text                                    0x0800018a   Section        0  memseta.o(.text)
    .text                                    0x080001ae   Section        0  fmul.o(.text)
    .text                                    0x08000228   Section        0  ffltui.o(.text)
    .text                                    0x08000236   Section        0  uldiv.o(.text)
    .text                                    0x08000296   Section        0  iusefp.o(.text)
    .text                                    0x08000296   Section        0  fepilogue.o(.text)
    .text                                    0x08000318   Section        0  dadd.o(.text)
    .text                                    0x0800047c   Section        0  dmul.o(.text)
    .text                                    0x0800054c   Section        0  ddiv.o(.text)
    .text                                    0x0800063c   Section        0  dfixul.o(.text)
    .text                                    0x0800067c   Section       40  cdrcmple.o(.text)
    .text                                    0x080006a4   Section       36  init.o(.text)
    .text                                    0x080006c8   Section        0  llshl.o(.text)
    .text                                    0x080006e8   Section        0  llsshr.o(.text)
    .text                                    0x0800070e   Section        0  depilogue.o(.text)
    i.BNO055_gryo_is_calib                   0x080007cc   Section        0  bno055.o(i.BNO055_gryo_is_calib)
    i.BNO055_init                            0x08000808   Section        0  bno055.o(i.BNO055_init)
    i.BNO055_request_data                    0x08000998   Section        0  bno055.o(i.BNO055_request_data)
    i.EventCheckFilter                       0x080009c4   Section        0  eventrecorder.o(i.EventCheckFilter)
    EventCheckFilter                         0x080009c5   Thumb Code    34  eventrecorder.o(i.EventCheckFilter)
    i.EventGetTS                             0x080009ec   Section        0  eventrecorder.o(i.EventGetTS)
    EventGetTS                               0x080009ed   Thumb Code    52  eventrecorder.o(i.EventGetTS)
    i.EventRecordData                        0x08000a24   Section        0  eventrecorder.o(i.EventRecordData)
    i.EventRecordItem                        0x08000b10   Section        0  eventrecorder.o(i.EventRecordItem)
    EventRecordItem                          0x08000b11   Thumb Code   208  eventrecorder.o(i.EventRecordItem)
    i.EventRecorderTimerGetCount             0x08000be8   Section        0  eventrecorder.o(i.EventRecorderTimerGetCount)
    i.GPIO_PINs_init                         0x08000bf8   Section        0  gpios.o(i.GPIO_PINs_init)
    i.GPIOx_init                             0x08000c6c   Section        0  gpios.o(i.GPIOx_init)
    i.GetContext                             0x08000d70   Section        0  eventrecorder.o(i.GetContext)
    GetContext                               0x08000d71   Thumb Code    22  eventrecorder.o(i.GetContext)
    i.HAL_Delay                              0x08000d8c   Section        0  stm32f0xx_hal.o(i.HAL_Delay)
    i.HAL_GPIO_Init                          0x08000da8   Section        0  stm32f0xx_hal_gpio.o(i.HAL_GPIO_Init)
    i.HAL_GPIO_WritePin                      0x08000f00   Section        0  stm32f0xx_hal_gpio.o(i.HAL_GPIO_WritePin)
    i.HAL_GetTick                            0x08000f0c   Section        0  stm32f0xx_hal.o(i.HAL_GetTick)
    i.HAL_IncTick                            0x08000f18   Section        0  stm32f0xx_hal.o(i.HAL_IncTick)
    i.HAL_Init                               0x08000f28   Section        0  stm32f0xx_hal.o(i.HAL_Init)
    i.HAL_InitTick                           0x08000f48   Section        0  stm32f0xx_hal.o(i.HAL_InitTick)
    i.HAL_MspInit                            0x08000f6c   Section        0  stm32f0xx_hal_msp.o(i.HAL_MspInit)
    i.HAL_NVIC_SetPriority                   0x08000f94   Section        0  stm32f0xx_hal_cortex.o(i.HAL_NVIC_SetPriority)
    i.HAL_RCC_ClockConfig                    0x08000f9c   Section        0  stm32f0xx_hal_rcc.o(i.HAL_RCC_ClockConfig)
    i.HAL_RCC_GetHCLKFreq                    0x080010f0   Section        0  stm32f0xx_hal_rcc.o(i.HAL_RCC_GetHCLKFreq)
    i.HAL_RCC_GetSysClockFreq                0x080010fc   Section        0  stm32f0xx_hal_rcc.o(i.HAL_RCC_GetSysClockFreq)
    i.HAL_RCC_OscConfig                      0x08001184   Section        0  stm32f0xx_hal_rcc.o(i.HAL_RCC_OscConfig)
    i.HAL_SYSTICK_Config                     0x0800155c   Section        0  stm32f0xx_hal_cortex.o(i.HAL_SYSTICK_Config)
    i.HardFault_Handler                      0x0800158c   Section        0  stm32f0xx_it.o(i.HardFault_Handler)
    i.LEDs_init                              0x08001590   Section        0  leds.o(i.LEDs_init)
    i.NMI_Handler                            0x08001614   Section        0  stm32f0xx_it.o(i.NMI_Handler)
    i.NVIC_SetPriority                       0x08001618   Section        0  usarts.o(i.NVIC_SetPriority)
    NVIC_SetPriority                         0x08001619   Thumb Code    60  usarts.o(i.NVIC_SetPriority)
    i.NVIC_SetPriority                       0x0800165c   Section        0  stm32f0xx_hal_cortex.o(i.NVIC_SetPriority)
    NVIC_SetPriority                         0x0800165d   Thumb Code    60  stm32f0xx_hal_cortex.o(i.NVIC_SetPriority)
    i.PendSV_Handler                         0x080016a0   Section        0  stm32f0xx_it.o(i.PendSV_Handler)
    i.SVC_Handler                            0x080016a2   Section        0  stm32f0xx_it.o(i.SVC_Handler)
    i.SysTick_Handler                        0x080016a4   Section        0  stm32f0xx_it.o(i.SysTick_Handler)
    i.SystemClock_Config                     0x080016ac   Section        0  main.o(i.SystemClock_Config)
    i.SystemInit                             0x080016ec   Section        0  system_stm32f0xx.o(i.SystemInit)
    i.TIM6_DAC_IRQHandler                    0x08001748   Section        0  timers.o(i.TIM6_DAC_IRQHandler)
    i.USART1_IRQHandler                      0x08001758   Section        0  usarts.o(i.USART1_IRQHandler)
    i.USART1_init                            0x08001774   Section        0  usarts.o(i.USART1_init)
    i.USART1_read_successfully               0x080017e4   Section        0  usarts.o(i.USART1_read_successfully)
    i.USART1_wrote_successfully              0x080017f4   Section        0  usarts.o(i.USART1_wrote_successfully)
    i.USART3_4_IRQHandler                    0x08001804   Section        0  usarts.o(i.USART3_4_IRQHandler)
    i.USART3_has_data                        0x08001820   Section        0  usarts.o(i.USART3_has_data)
    i.USART3_init                            0x0800182c   Section        0  usarts.o(i.USART3_init)
    i.__0printf                              0x080018ac   Section        0  printfa.o(i.__0printf)
    i.__ARM_clz                              0x080018cc   Section        0  depilogue.o(i.__ARM_clz)
    i.__scatterload_copy                     0x080018fa   Section       14  handlers.o(i.__scatterload_copy)
    i.__scatterload_null                     0x08001908   Section        2  handlers.o(i.__scatterload_null)
    i.__scatterload_zeroinit                 0x0800190a   Section       14  handlers.o(i.__scatterload_zeroinit)
    i._fp_digits                             0x08001918   Section        0  printfa.o(i._fp_digits)
    _fp_digits                               0x08001919   Thumb Code   344  printfa.o(i._fp_digits)
    i._printf_core                           0x08001a8c   Section        0  printfa.o(i._printf_core)
    _printf_core                             0x08001a8d   Thumb Code  1754  printfa.o(i._printf_core)
    i._printf_post_padding                   0x08002178   Section        0  printfa.o(i._printf_post_padding)
    _printf_post_padding                     0x08002179   Thumb Code    32  printfa.o(i._printf_post_padding)
    i._printf_pre_padding                    0x08002198   Section        0  printfa.o(i._printf_pre_padding)
    _printf_pre_padding                      0x08002199   Thumb Code    44  printfa.o(i._printf_pre_padding)
    i.add_to_USART1_buffer                   0x080021c4   Section        0  usarts.o(i.add_to_USART1_buffer)
    i.atomic_inc32                           0x08002288   Section        0  eventrecorder.o(i.atomic_inc32)
    atomic_inc32                             0x08002289   Thumb Code    22  eventrecorder.o(i.atomic_inc32)
    i.chair_init                             0x080022a0   Section        0  main.o(i.chair_init)
    i.debug_menu                             0x080022f8   Section        0  main.o(i.debug_menu)
    i.fputc                                  0x08002450   Section        0  retarget_io.o(i.fputc)
    i.game_menu                              0x0800249c   Section        0  main.o(i.game_menu)
    i.game_parser_init                       0x080024fc   Section        0  game_parser.o(i.game_parser_init)
    i.get_USART3_data                        0x08002558   Section        0  usarts.o(i.get_USART3_data)
    i.get_putty_cmd                          0x08002568   Section        0  putty.o(i.get_putty_cmd)
    i.main                                   0x08002570   Section        0  main.o(i.main)
    i.main_menu                              0x08002588   Section        0  main.o(i.main_menu)
    i.motors_init                            0x080025e4   Section        0  motors.o(i.motors_init)
    i.putty_debug_prompt                     0x08002630   Section        0  putty.o(i.putty_debug_prompt)
    i.putty_game_prompt                      0x080026c4   Section        0  putty.o(i.putty_game_prompt)
    i.putty_goodbye_prompt                   0x08002748   Section        0  putty.o(i.putty_goodbye_prompt)
    i.putty_main_prompt                      0x08002768   Section        0  putty.o(i.putty_main_prompt)
    i.putty_print                            0x080027c0   Section        0  putty.o(i.putty_print)
    i.putty_putc                             0x080027d0   Section        0  putty.o(i.putty_putc)
    i.putty_unrecognized_prompt              0x080027e0   Section        0  putty.o(i.putty_unrecognized_prompt)
    i.receive_char                           0x08002818   Section        0  usarts.o(i.receive_char)
    i.recieved_putty_cmd                     0x08002824   Section        0  putty.o(i.recieved_putty_cmd)
    i.reset_values                           0x0800282c   Section        0  main.o(i.reset_values)
    i.response_data                          0x08002850   Section        0  usarts.o(i.response_data)
    i.set_pitch_dir_pin                      0x0800285c   Section        0  motors.o(i.set_pitch_dir_pin)
    i.set_pitch_step_pin                     0x0800286c   Section        0  motors.o(i.set_pitch_step_pin)
    i.set_roll_dir_pin                       0x0800287c   Section        0  motors.o(i.set_roll_dir_pin)
    i.set_roll_step_pin                      0x0800288a   Section        0  motors.o(i.set_roll_step_pin)
    i.set_step_pin_manually                  0x08002898   Section        0  motors.o(i.set_step_pin_manually)
    i.set_target_pitch_steps                 0x080028f8   Section        0  motors.o(i.set_target_pitch_steps)
    i.set_target_roll_steps                  0x08002904   Section        0  motors.o(i.set_target_roll_steps)
    i.step_pitch_motor                       0x08002910   Section        0  motors.o(i.step_pitch_motor)
    i.step_roll_motor                        0x08002930   Section        0  motors.o(i.step_roll_motor)
    i.transmit_char                          0x08002950   Section        0  usarts.o(i.transmit_char)
    i.transmit_string                        0x0800295a   Section        0  usarts.o(i.transmit_string)
    i.wait_for_USART3_data                   0x08002974   Section        0  usarts.o(i.wait_for_USART3_data)
    .constdata                               0x08002990   Section       16  system_stm32f0xx.o(.constdata)
    .constdata                               0x080029a0   Section       24  eventrecorder.o(.constdata)
    __tagsym$$used                           0x080029a0   Number         0  eventrecorder.o(.constdata)
    .data                                    0x20000000   Section        6  gpios.o(.data)
    .data                                    0x20000008   Section       24  motors.o(.data)
    pitch_toggle                             0x20000008   Data           1  motors.o(.data)
    prev_pitch_dir                           0x20000009   Data           1  motors.o(.data)
    pitch_clockwise                          0x2000000a   Data           1  motors.o(.data)
    roll_toggle                              0x2000000b   Data           1  motors.o(.data)
    prev_roll_dir                            0x2000000c   Data           1  motors.o(.data)
    roll_clockwise                           0x2000000d   Data           1  motors.o(.data)
    target_pitch_steps                       0x20000010   Data           4  motors.o(.data)
    actual_pitch_steps                       0x20000014   Data           4  motors.o(.data)
    target_roll_steps                        0x20000018   Data           4  motors.o(.data)
    actual_roll_steps                        0x2000001c   Data           4  motors.o(.data)
    .data                                    0x20000020   Section       24  usarts.o(.data)
    USART1_new_data                          0x20000020   Data           1  usarts.o(.data)
    USART3_new_data                          0x20000021   Data           1  usarts.o(.data)
    USART3_received_char                     0x20000022   Data           1  usarts.o(.data)
    orientation_updated                      0x20000023   Data           1  usarts.o(.data)
    write_success                            0x20000024   Data           1  usarts.o(.data)
    read_success                             0x20000025   Data           1  usarts.o(.data)
    USART1_rx_index                          0x20000028   Data           4  usarts.o(.data)
    USART1_rx                                0x20000030   Data           8  usarts.o(.data)
    .data                                    0x20000038   Section        4  stm32f0xx_hal.o(.data)
    .data                                    0x2000003c   Section        4  system_stm32f0xx.o(.data)
    .data                                    0x20000040   Section       12  retarget_io.o(.data)
    index                                    0x20000040   Data           4  retarget_io.o(.data)
    buffer                                   0x20000044   Data           8  retarget_io.o(.data)
    .data                                    0x2000004c   Section        4  stdout.o(.data)
    .bss                                     0x20000050   Section       12  usarts.o(.bss)
    orientation                              0x20000050   Data          12  usarts.o(.bss)
    .bss.noinit                              0x20000080   Section     1252  eventrecorder.o(.bss.noinit)
    TimeStamp                                0x20000080   Data           4  eventrecorder.o(.bss.noinit)
    EventBuffer                              0x20000090   Data        1024  eventrecorder.o(.bss.noinit)
    EventFilter                              0x20000490   Data         128  eventrecorder.o(.bss.noinit)
    EventStatus                              0x20000540   Data          36  eventrecorder.o(.bss.noinit)
    STACK                                    0x20000568   Section     1024  startup_stm32f072xb.o(STACK)

    Global Symbols

    Symbol Name                              Value     Ov Type        Size  Object(Section)

    BuildAttributes$$THM_ISAv3M$S$PE$A:L22$X:L11$S22$IEEE1$IW$USESV6$~STKCKD$USESV7$~SHL$OTIME$ROPI$EBA8$MICROLIB$REQ8$PRES8$EABIv2 0x00000000   Number         0  anon$$obj.o ABSOLUTE
    __ARM_use_no_argv                        0x00000000   Number         0  main.o ABSOLUTE
    _printf_a                                0x00000000   Number         0  stubs.o ABSOLUTE
    _printf_c                                0x00000000   Number         0  stubs.o ABSOLUTE
    _printf_charcount                        0x00000000   Number         0  stubs.o ABSOLUTE
    _printf_d                                0x00000000   Number         0  stubs.o ABSOLUTE
    _printf_e                                0x00000000   Number         0  stubs.o ABSOLUTE
    _printf_f                                0x00000000   Number         0  stubs.o ABSOLUTE
    _printf_flags                            0x00000000   Number         0  stubs.o ABSOLUTE
    _printf_fp_dec                           0x00000000   Number         0  stubs.o ABSOLUTE
    _printf_fp_hex                           0x00000000   Number         0  stubs.o ABSOLUTE
    _printf_g                                0x00000000   Number         0  stubs.o ABSOLUTE
    _printf_i                                0x00000000   Number         0  stubs.o ABSOLUTE
    _printf_int_dec                          0x00000000   Number         0  stubs.o ABSOLUTE
    _printf_l                                0x00000000   Number         0  stubs.o ABSOLUTE
    _printf_lc                               0x00000000   Number         0  stubs.o ABSOLUTE
    _printf_ll                               0x00000000   Number         0  stubs.o ABSOLUTE
    _printf_lld                              0x00000000   Number         0  stubs.o ABSOLUTE
    _printf_lli                              0x00000000   Number         0  stubs.o ABSOLUTE
    _printf_llo                              0x00000000   Number         0  stubs.o ABSOLUTE
    _printf_llu                              0x00000000   Number         0  stubs.o ABSOLUTE
    _printf_llx                              0x00000000   Number         0  stubs.o ABSOLUTE
    _printf_longlong_dec                     0x00000000   Number         0  stubs.o ABSOLUTE
    _printf_longlong_hex                     0x00000000   Number         0  stubs.o ABSOLUTE
    _printf_longlong_oct                     0x00000000   Number         0  stubs.o ABSOLUTE
    _printf_ls                               0x00000000   Number         0  stubs.o ABSOLUTE
    _printf_mbtowc                           0x00000000   Number         0  stubs.o ABSOLUTE
    _printf_n                                0x00000000   Number         0  stubs.o ABSOLUTE
    _printf_o                                0x00000000   Number         0  stubs.o ABSOLUTE
    _printf_p                                0x00000000   Number         0  stubs.o ABSOLUTE
    _printf_percent                          0x00000000   Number         0  stubs.o ABSOLUTE
    _printf_pre_padding                      0x00000000   Number         0  stubs.o ABSOLUTE
    _printf_return_value                     0x00000000   Number         0  stubs.o ABSOLUTE
    _printf_s                                0x00000000   Number         0  stubs.o ABSOLUTE
    _printf_sizespec                         0x00000000   Number         0  stubs.o ABSOLUTE
    _printf_str                              0x00000000   Number         0  stubs.o ABSOLUTE
    _printf_truncate_signed                  0x00000000   Number         0  stubs.o ABSOLUTE
    _printf_truncate_unsigned                0x00000000   Number         0  stubs.o ABSOLUTE
    _printf_u                                0x00000000   Number         0  stubs.o ABSOLUTE
    _printf_wc                               0x00000000   Number         0  stubs.o ABSOLUTE
    _printf_wctomb                           0x00000000   Number         0  stubs.o ABSOLUTE
    _printf_widthprec                        0x00000000   Number         0  stubs.o ABSOLUTE
    _printf_x                                0x00000000   Number         0  stubs.o ABSOLUTE
    __cpp_initialize__aeabi_                  - Undefined Weak Reference
    __cxa_finalize                            - Undefined Weak Reference
    __decompress                              - Undefined Weak Reference
    _clock_init                               - Undefined Weak Reference
    _microlib_exit                            - Undefined Weak Reference
    __Vectors_Size                           0x000000c0   Number         0  startup_stm32f072xb.o ABSOLUTE
    __Vectors                                0x08000000   Data           4  startup_stm32f072xb.o(RESET)
    __Vectors_End                            0x080000c0   Data           0  startup_stm32f072xb.o(RESET)
    __main                                   0x080000c1   Thumb Code     0  entry.o(.ARM.Collect$$$$00000000)
    _main_stk                                0x080000c1   Thumb Code     0  entry2.o(.ARM.Collect$$$$00000001)
    _main_scatterload                        0x080000c5   Thumb Code     0  entry5.o(.ARM.Collect$$$$00000004)
    __main_after_scatterload                 0x080000c9   Thumb Code     0  entry5.o(.ARM.Collect$$$$00000004)
    _main_clock                              0x080000c9   Thumb Code     0  entry7b.o(.ARM.Collect$$$$00000008)
    _main_cpp_init                           0x080000c9   Thumb Code     0  entry8b.o(.ARM.Collect$$$$0000000A)
    _main_init                               0x080000c9   Thumb Code     0  entry9a.o(.ARM.Collect$$$$0000000B)
    __rt_final_cpp                           0x080000d1   Thumb Code     0  entry10a.o(.ARM.Collect$$$$0000000D)
    __rt_final_exit                          0x080000d1   Thumb Code     0  entry11a.o(.ARM.Collect$$$$0000000F)
    Reset_Handler                            0x080000d5   Thumb Code     8  startup_stm32f072xb.o(.text)
    ADC1_COMP_IRQHandler                     0x080000e7   Thumb Code     0  startup_stm32f072xb.o(.text)
    CEC_CAN_IRQHandler                       0x080000e7   Thumb Code     0  startup_stm32f072xb.o(.text)
    DMA1_Channel1_IRQHandler                 0x080000e7   Thumb Code     0  startup_stm32f072xb.o(.text)
    DMA1_Channel2_3_IRQHandler               0x080000e7   Thumb Code     0  startup_stm32f072xb.o(.text)
    DMA1_Channel4_5_6_7_IRQHandler           0x080000e7   Thumb Code     0  startup_stm32f072xb.o(.text)
    EXTI0_1_IRQHandler                       0x080000e7   Thumb Code     0  startup_stm32f072xb.o(.text)
    EXTI2_3_IRQHandler                       0x080000e7   Thumb Code     0  startup_stm32f072xb.o(.text)
    EXTI4_15_IRQHandler                      0x080000e7   Thumb Code     0  startup_stm32f072xb.o(.text)
    FLASH_IRQHandler                         0x080000e7   Thumb Code     0  startup_stm32f072xb.o(.text)
    I2C1_IRQHandler                          0x080000e7   Thumb Code     0  startup_stm32f072xb.o(.text)
    I2C2_IRQHandler                          0x080000e7   Thumb Code     0  startup_stm32f072xb.o(.text)
    PVD_VDDIO2_IRQHandler                    0x080000e7   Thumb Code     0  startup_stm32f072xb.o(.text)
    RCC_CRS_IRQHandler                       0x080000e7   Thumb Code     0  startup_stm32f072xb.o(.text)
    RTC_IRQHandler                           0x080000e7   Thumb Code     0  startup_stm32f072xb.o(.text)
    SPI1_IRQHandler                          0x080000e7   Thumb Code     0  startup_stm32f072xb.o(.text)
    SPI2_IRQHandler                          0x080000e7   Thumb Code     0  startup_stm32f072xb.o(.text)
    TIM14_IRQHandler                         0x080000e7   Thumb Code     0  startup_stm32f072xb.o(.text)
    TIM15_IRQHandler                         0x080000e7   Thumb Code     0  startup_stm32f072xb.o(.text)
    TIM16_IRQHandler                         0x080000e7   Thumb Code     0  startup_stm32f072xb.o(.text)
    TIM17_IRQHandler                         0x080000e7   Thumb Code     0  startup_stm32f072xb.o(.text)
    TIM1_BRK_UP_TRG_COM_IRQHandler           0x080000e7   Thumb Code     0  startup_stm32f072xb.o(.text)
    TIM1_CC_IRQHandler                       0x080000e7   Thumb Code     0  startup_stm32f072xb.o(.text)
    TIM2_IRQHandler                          0x080000e7   Thumb Code     0  startup_stm32f072xb.o(.text)
    TIM3_IRQHandler                          0x080000e7   Thumb Code     0  startup_stm32f072xb.o(.text)
    TIM7_IRQHandler                          0x080000e7   Thumb Code     0  startup_stm32f072xb.o(.text)
    TSC_IRQHandler                           0x080000e7   Thumb Code     0  startup_stm32f072xb.o(.text)
    USART2_IRQHandler                        0x080000e7   Thumb Code     0  startup_stm32f072xb.o(.text)
    USB_IRQHandler                           0x080000e7   Thumb Code     0  startup_stm32f072xb.o(.text)
    WWDG_IRQHandler                          0x080000e7   Thumb Code     0  startup_stm32f072xb.o(.text)
    __aeabi_uidiv                            0x080000f1   Thumb Code     0  uidiv.o(.text)
    __aeabi_uidivmod                         0x080000f1   Thumb Code    44  uidiv.o(.text)
    __aeabi_idiv                             0x0800011d   Thumb Code     0  idiv.o(.text)
    __aeabi_idivmod                          0x0800011d   Thumb Code    40  idiv.o(.text)
    __aeabi_llsr                             0x08000145   Thumb Code    34  llushr.o(.text)
    _ll_ushift_r                             0x08000145   Thumb Code     0  llushr.o(.text)
    __aeabi_memcpy                           0x08000167   Thumb Code    36  memcpya.o(.text)
    __aeabi_memcpy4                          0x08000167   Thumb Code     0  memcpya.o(.text)
    __aeabi_memcpy8                          0x08000167   Thumb Code     0  memcpya.o(.text)
    __aeabi_memset                           0x0800018b   Thumb Code    14  memseta.o(.text)
    __aeabi_memset4                          0x0800018b   Thumb Code     0  memseta.o(.text)
    __aeabi_memset8                          0x0800018b   Thumb Code     0  memseta.o(.text)
    __aeabi_memclr                           0x08000199   Thumb Code     4  memseta.o(.text)
    __aeabi_memclr4                          0x08000199   Thumb Code     0  memseta.o(.text)
    __aeabi_memclr8                          0x08000199   Thumb Code     0  memseta.o(.text)
    _memset$wrapper                          0x0800019d   Thumb Code    18  memseta.o(.text)
    __aeabi_fmul                             0x080001af   Thumb Code   122  fmul.o(.text)
    __aeabi_ui2f                             0x08000229   Thumb Code    14  ffltui.o(.text)
    __aeabi_uldivmod                         0x08000237   Thumb Code    96  uldiv.o(.text)
    __I$use$fp                               0x08000297   Thumb Code     0  iusefp.o(.text)
    _float_round                             0x08000297   Thumb Code    16  fepilogue.o(.text)
    _float_epilogue                          0x080002a7   Thumb Code   114  fepilogue.o(.text)
    __aeabi_dadd                             0x08000319   Thumb Code   328  dadd.o(.text)
    __aeabi_dsub                             0x08000461   Thumb Code    12  dadd.o(.text)
    __aeabi_drsub                            0x0800046d   Thumb Code    12  dadd.o(.text)
    __aeabi_dmul                             0x0800047d   Thumb Code   202  dmul.o(.text)
    __aeabi_ddiv                             0x0800054d   Thumb Code   234  ddiv.o(.text)
    __aeabi_d2ulz                            0x0800063d   Thumb Code    54  dfixul.o(.text)
    __aeabi_cdrcmple                         0x0800067d   Thumb Code    38  cdrcmple.o(.text)
    __scatterload                            0x080006a5   Thumb Code    28  init.o(.text)
    __scatterload_rt2                        0x080006a5   Thumb Code     0  init.o(.text)
    __aeabi_llsl                             0x080006c9   Thumb Code    32  llshl.o(.text)
    _ll_shift_l                              0x080006c9   Thumb Code     0  llshl.o(.text)
    __aeabi_lasr                             0x080006e9   Thumb Code    38  llsshr.o(.text)
    _ll_sshift_r                             0x080006e9   Thumb Code     0  llsshr.o(.text)
    _double_round                            0x0800070f   Thumb Code    26  depilogue.o(.text)
    _double_epilogue                         0x08000729   Thumb Code   164  depilogue.o(.text)
    BNO055_gryo_is_calib                     0x080007cd   Thumb Code    54  bno055.o(i.BNO055_gryo_is_calib)
    BNO055_init                              0x08000809   Thumb Code   274  bno055.o(i.BNO055_init)
    BNO055_request_data                      0x08000999   Thumb Code    38  bno055.o(i.BNO055_request_data)
    EventRecordData                          0x08000a25   Thumb Code   230  eventrecorder.o(i.EventRecordData)
    EventRecorderTimerGetCount               0x08000be9   Thumb Code    10  eventrecorder.o(i.EventRecorderTimerGetCount)
    GPIO_PINs_init                           0x08000bf9   Thumb Code    48  gpios.o(i.GPIO_PINs_init)
    GPIOx_init                               0x08000c6d   Thumb Code   232  gpios.o(i.GPIOx_init)
    HAL_Delay                                0x08000d8d   Thumb Code    28  stm32f0xx_hal.o(i.HAL_Delay)
    HAL_GPIO_Init                            0x08000da9   Thumb Code   314  stm32f0xx_hal_gpio.o(i.HAL_GPIO_Init)
    HAL_GPIO_WritePin                        0x08000f01   Thumb Code    12  stm32f0xx_hal_gpio.o(i.HAL_GPIO_WritePin)
    HAL_GetTick                              0x08000f0d   Thumb Code     6  stm32f0xx_hal.o(i.HAL_GetTick)
    HAL_IncTick                              0x08000f19   Thumb Code    10  stm32f0xx_hal.o(i.HAL_IncTick)
    HAL_Init                                 0x08000f29   Thumb Code    26  stm32f0xx_hal.o(i.HAL_Init)
    HAL_InitTick                             0x08000f49   Thumb Code    34  stm32f0xx_hal.o(i.HAL_InitTick)
    HAL_MspInit                              0x08000f6d   Thumb Code    34  stm32f0xx_hal_msp.o(i.HAL_MspInit)
    HAL_NVIC_SetPriority                     0x08000f95   Thumb Code     8  stm32f0xx_hal_cortex.o(i.HAL_NVIC_SetPriority)
    HAL_RCC_ClockConfig                      0x08000f9d   Thumb Code   320  stm32f0xx_hal_rcc.o(i.HAL_RCC_ClockConfig)
    HAL_RCC_GetHCLKFreq                      0x080010f1   Thumb Code     6  stm32f0xx_hal_rcc.o(i.HAL_RCC_GetHCLKFreq)
    HAL_RCC_GetSysClockFreq                  0x080010fd   Thumb Code    90  stm32f0xx_hal_rcc.o(i.HAL_RCC_GetSysClockFreq)
    HAL_RCC_OscConfig                        0x08001185   Thumb Code   966  stm32f0xx_hal_rcc.o(i.HAL_RCC_OscConfig)
    HAL_SYSTICK_Config                       0x0800155d   Thumb Code    38  stm32f0xx_hal_cortex.o(i.HAL_SYSTICK_Config)
    HardFault_Handler                        0x0800158d   Thumb Code     2  stm32f0xx_it.o(i.HardFault_Handler)
    LEDs_init                                0x08001591   Thumb Code    66  leds.o(i.LEDs_init)
    NMI_Handler                              0x08001615   Thumb Code     2  stm32f0xx_it.o(i.NMI_Handler)
    PendSV_Handler                           0x080016a1   Thumb Code     2  stm32f0xx_it.o(i.PendSV_Handler)
    SVC_Handler                              0x080016a3   Thumb Code     2  stm32f0xx_it.o(i.SVC_Handler)
    SysTick_Handler                          0x080016a5   Thumb Code     8  stm32f0xx_it.o(i.SysTick_Handler)
    SystemClock_Config                       0x080016ad   Thumb Code    64  main.o(i.SystemClock_Config)
    SystemInit                               0x080016ed   Thumb Code    76  system_stm32f0xx.o(i.SystemInit)
    TIM6_DAC_IRQHandler                      0x08001749   Thumb Code    12  timers.o(i.TIM6_DAC_IRQHandler)
    USART1_IRQHandler                        0x08001759   Thumb Code    20  usarts.o(i.USART1_IRQHandler)
    USART1_init                              0x08001775   Thumb Code    94  usarts.o(i.USART1_init)
    USART1_read_successfully                 0x080017e5   Thumb Code    10  usarts.o(i.USART1_read_successfully)
    USART1_wrote_successfully                0x080017f5   Thumb Code    10  usarts.o(i.USART1_wrote_successfully)
    USART3_4_IRQHandler                      0x08001805   Thumb Code    18  usarts.o(i.USART3_4_IRQHandler)
    USART3_has_data                          0x08001821   Thumb Code     6  usarts.o(i.USART3_has_data)
    USART3_init                              0x0800182d   Thumb Code   106  usarts.o(i.USART3_init)
    __0printf                                0x080018ad   Thumb Code    24  printfa.o(i.__0printf)
    __1printf                                0x080018ad   Thumb Code     0  printfa.o(i.__0printf)
    __2printf                                0x080018ad   Thumb Code     0  printfa.o(i.__0printf)
    __c89printf                              0x080018ad   Thumb Code     0  printfa.o(i.__0printf)
    printf                                   0x080018ad   Thumb Code     0  printfa.o(i.__0printf)
    __ARM_clz                                0x080018cd   Thumb Code    46  depilogue.o(i.__ARM_clz)
    __scatterload_copy                       0x080018fb   Thumb Code    14  handlers.o(i.__scatterload_copy)
    __scatterload_null                       0x08001909   Thumb Code     2  handlers.o(i.__scatterload_null)
    __scatterload_zeroinit                   0x0800190b   Thumb Code    14  handlers.o(i.__scatterload_zeroinit)
    add_to_USART1_buffer                     0x080021c5   Thumb Code   184  usarts.o(i.add_to_USART1_buffer)
    chair_init                               0x080022a1   Thumb Code    32  main.o(i.chair_init)
    debug_menu                               0x080022f9   Thumb Code   152  main.o(i.debug_menu)
    fputc                                    0x08002451   Thumb Code    62  retarget_io.o(i.fputc)
    game_menu                                0x0800249d   Thumb Code    48  main.o(i.game_menu)
    game_parser_init                         0x080024fd   Thumb Code    20  game_parser.o(i.game_parser_init)
    get_USART3_data                          0x08002559   Thumb Code    12  usarts.o(i.get_USART3_data)
    get_putty_cmd                            0x08002569   Thumb Code     8  putty.o(i.get_putty_cmd)
    main                                     0x08002571   Thumb Code    22  main.o(i.main)
    main_menu                                0x08002589   Thumb Code    72  main.o(i.main_menu)
    motors_init                              0x080025e5   Thumb Code    20  motors.o(i.motors_init)
    putty_debug_prompt                       0x08002631   Thumb Code    28  putty.o(i.putty_debug_prompt)
    putty_game_prompt                        0x080026c5   Thumb Code    40  putty.o(i.putty_game_prompt)
    putty_goodbye_prompt                     0x08002749   Thumb Code    16  putty.o(i.putty_goodbye_prompt)
    putty_main_prompt                        0x08002769   Thumb Code    28  putty.o(i.putty_main_prompt)
    putty_print                              0x080027c1   Thumb Code    12  putty.o(i.putty_print)
    putty_putc                               0x080027d1   Thumb Code    12  putty.o(i.putty_putc)
    putty_unrecognized_prompt                0x080027e1   Thumb Code    24  putty.o(i.putty_unrecognized_prompt)
    receive_char                             0x08002819   Thumb Code    12  usarts.o(i.receive_char)
    recieved_putty_cmd                       0x08002825   Thumb Code     8  putty.o(i.recieved_putty_cmd)
    reset_values                             0x0800282d   Thumb Code    22  main.o(i.reset_values)
    response_data                            0x08002851   Thumb Code     6  usarts.o(i.response_data)
    set_pitch_dir_pin                        0x0800285d   Thumb Code    16  motors.o(i.set_pitch_dir_pin)
    set_pitch_step_pin                       0x0800286d   Thumb Code    16  motors.o(i.set_pitch_step_pin)
    set_roll_dir_pin                         0x0800287d   Thumb Code    14  motors.o(i.set_roll_dir_pin)
    set_roll_step_pin                        0x0800288b   Thumb Code    14  motors.o(i.set_roll_step_pin)
    set_step_pin_manually                    0x08002899   Thumb Code    82  motors.o(i.set_step_pin_manually)
    set_target_pitch_steps                   0x080028f9   Thumb Code     6  motors.o(i.set_target_pitch_steps)
    set_target_roll_steps                    0x08002905   Thumb Code     6  motors.o(i.set_target_roll_steps)
    step_pitch_motor                         0x08002911   Thumb Code    32  motors.o(i.step_pitch_motor)
    step_roll_motor                          0x08002931   Thumb Code    32  motors.o(i.step_roll_motor)
    transmit_char                            0x08002951   Thumb Code    10  usarts.o(i.transmit_char)
    transmit_string                          0x0800295b   Thumb Code    26  usarts.o(i.transmit_string)
    wait_for_USART3_data                     0x08002975   Thumb Code    22  usarts.o(i.wait_for_USART3_data)
    AHBPrescTable                            0x08002990   Data          16  system_stm32f0xx.o(.constdata)
    EventRecorderInfo                        0x080029a0   Data          24  eventrecorder.o(.constdata)
    Region$$Table$$Base                      0x080029b8   Number         0  anon$$obj.o(Region$$Table)
    Region$$Table$$Limit                     0x080029d8   Number         0  anon$$obj.o(Region$$Table)
    A_ENABLED                                0x20000000   Data           1  gpios.o(.data)
    B_ENABLED                                0x20000001   Data           1  gpios.o(.data)
    C_ENABLED                                0x20000002   Data           1  gpios.o(.data)
    D_ENABLED                                0x20000003   Data           1  gpios.o(.data)
    E_ENABLED                                0x20000004   Data           1  gpios.o(.data)
    F_ENABLED                                0x20000005   Data           1  gpios.o(.data)
    reading                                  0x20000026   Data           1  usarts.o(.data)
    length_to_receive                        0x2000002c   Data           4  usarts.o(.data)
    uwTick                                   0x20000038   Data           4  stm32f0xx_hal.o(.data)
    SystemCoreClock                          0x2000003c   Data           4  system_stm32f0xx.o(.data)
    __stdout                                 0x2000004c   Data           4  stdout.o(.data)
    __initial_sp                             0x20000968   Data           0  startup_stm32f072xb.o(STACK)



==============================================================================

Memory Map of the image

  Image Entry point : 0x080000c1

  Load Region LR_IROM1 (Base: 0x08000000, Size: 0x00002a28, Max: 0x00020000, ABSOLUTE)

    Execution Region ER_IROM1 (Exec base: 0x08000000, Load base: 0x08000000, Size: 0x000029d8, Max: 0x00020000, ABSOLUTE)

    Exec Addr    Load Addr    Size         Type   Attr      Idx    E Section Name        Object

    0x08000000   0x08000000   0x000000c0   Data   RO            3    RESET               startup_stm32f072xb.o
    0x080000c0   0x080000c0   0x00000000   Code   RO         2330  * .ARM.Collect$$$$00000000  mc_p.l(entry.o)
    0x080000c0   0x080000c0   0x00000004   Code   RO         2618    .ARM.Collect$$$$00000001  mc_p.l(entry2.o)
    0x080000c4   0x080000c4   0x00000004   Code   RO         2621    .ARM.Collect$$$$00000004  mc_p.l(entry5.o)
    0x080000c8   0x080000c8   0x00000000   Code   RO         2623    .ARM.Collect$$$$00000008  mc_p.l(entry7b.o)
    0x080000c8   0x080000c8   0x00000000   Code   RO         2625    .ARM.Collect$$$$0000000A  mc_p.l(entry8b.o)
    0x080000c8   0x080000c8   0x00000008   Code   RO         2626    .ARM.Collect$$$$0000000B  mc_p.l(entry9a.o)
    0x080000d0   0x080000d0   0x00000000   Code   RO         2628    .ARM.Collect$$$$0000000D  mc_p.l(entry10a.o)
    0x080000d0   0x080000d0   0x00000000   Code   RO         2630    .ARM.Collect$$$$0000000F  mc_p.l(entry11a.o)
    0x080000d0   0x080000d0   0x00000004   Code   RO         2619    .ARM.Collect$$$$00002712  mc_p.l(entry2.o)
    0x080000d4   0x080000d4   0x0000001c   Code   RO            4    .text               startup_stm32f072xb.o
    0x080000f0   0x080000f0   0x0000002c   Code   RO         2339    .text               mc_p.l(uidiv.o)
    0x0800011c   0x0800011c   0x00000028   Code   RO         2341    .text               mc_p.l(idiv.o)
    0x08000144   0x08000144   0x00000022   Code   RO         2343    .text               mc_p.l(llushr.o)
    0x08000166   0x08000166   0x00000024   Code   RO         2345    .text               mc_p.l(memcpya.o)
    0x0800018a   0x0800018a   0x00000024   Code   RO         2347    .text               mc_p.l(memseta.o)
    0x080001ae   0x080001ae   0x0000007a   Code   RO         2612    .text               mf_p.l(fmul.o)
    0x08000228   0x08000228   0x0000000e   Code   RO         2614    .text               mf_p.l(ffltui.o)
    0x08000236   0x08000236   0x00000060   Code   RO         2632    .text               mc_p.l(uldiv.o)
    0x08000296   0x08000296   0x00000000   Code   RO         2634    .text               mc_p.l(iusefp.o)
    0x08000296   0x08000296   0x00000082   Code   RO         2635    .text               mf_p.l(fepilogue.o)
    0x08000318   0x08000318   0x00000164   Code   RO         2637    .text               mf_p.l(dadd.o)
    0x0800047c   0x0800047c   0x000000d0   Code   RO         2639    .text               mf_p.l(dmul.o)
    0x0800054c   0x0800054c   0x000000f0   Code   RO         2641    .text               mf_p.l(ddiv.o)
    0x0800063c   0x0800063c   0x00000040   Code   RO         2643    .text               mf_p.l(dfixul.o)
    0x0800067c   0x0800067c   0x00000028   Code   RO         2645    .text               mf_p.l(cdrcmple.o)
    0x080006a4   0x080006a4   0x00000024   Code   RO         2647    .text               mc_p.l(init.o)
    0x080006c8   0x080006c8   0x00000020   Code   RO         2649    .text               mc_p.l(llshl.o)
    0x080006e8   0x080006e8   0x00000026   Code   RO         2651    .text               mc_p.l(llsshr.o)
    0x0800070e   0x0800070e   0x000000be   Code   RO         2653    .text               mf_p.l(depilogue.o)
    0x080007cc   0x080007cc   0x0000003c   Code   RO          245    i.BNO055_gryo_is_calib  bno055.o
    0x08000808   0x08000808   0x00000190   Code   RO          246    i.BNO055_init       bno055.o
    0x08000998   0x08000998   0x0000002c   Code   RO          248    i.BNO055_request_data  bno055.o
    0x080009c4   0x080009c4   0x00000028   Code   RO         2148    i.EventCheckFilter  eventrecorder.o
    0x080009ec   0x080009ec   0x00000038   Code   RO         2149    i.EventGetTS        eventrecorder.o
    0x08000a24   0x08000a24   0x000000ec   Code   RO         2152    i.EventRecordData   eventrecorder.o
    0x08000b10   0x08000b10   0x000000d8   Code   RO         2153    i.EventRecordItem   eventrecorder.o
    0x08000be8   0x08000be8   0x00000010   Code   RO         2160    i.EventRecorderTimerGetCount  eventrecorder.o
    0x08000bf8   0x08000bf8   0x00000074   Code   RO          316    i.GPIO_PINs_init    gpios.o
    0x08000c6c   0x08000c6c   0x00000104   Code   RO          317    i.GPIOx_init        gpios.o
    0x08000d70   0x08000d70   0x0000001c   Code   RO         2163    i.GetContext        eventrecorder.o
    0x08000d8c   0x08000d8c   0x0000001c   Code   RO          920    i.HAL_Delay         stm32f0xx_hal.o
    0x08000da8   0x08000da8   0x00000158   Code   RO         1529    i.HAL_GPIO_Init     stm32f0xx_hal_gpio.o
    0x08000f00   0x08000f00   0x0000000c   Code   RO         1533    i.HAL_GPIO_WritePin  stm32f0xx_hal_gpio.o
    0x08000f0c   0x08000f0c   0x0000000c   Code   RO          924    i.HAL_GetTick       stm32f0xx_hal.o
    0x08000f18   0x08000f18   0x00000010   Code   RO          928    i.HAL_IncTick       stm32f0xx_hal.o
    0x08000f28   0x08000f28   0x00000020   Code   RO          929    i.HAL_Init          stm32f0xx_hal.o
    0x08000f48   0x08000f48   0x00000022   Code   RO          930    i.HAL_InitTick      stm32f0xx_hal.o
    0x08000f6a   0x08000f6a   0x00000002   PAD
    0x08000f6c   0x08000f6c   0x00000028   Code   RO          225    i.HAL_MspInit       stm32f0xx_hal_msp.o
    0x08000f94   0x08000f94   0x00000008   Code   RO         1692    i.HAL_NVIC_SetPriority  stm32f0xx_hal_cortex.o
    0x08000f9c   0x08000f9c   0x00000154   Code   RO          738    i.HAL_RCC_ClockConfig  stm32f0xx_hal_rcc.o
    0x080010f0   0x080010f0   0x0000000c   Code   RO          743    i.HAL_RCC_GetHCLKFreq  stm32f0xx_hal_rcc.o
    0x080010fc   0x080010fc   0x00000088   Code   RO          746    i.HAL_RCC_GetSysClockFreq  stm32f0xx_hal_rcc.o
    0x08001184   0x08001184   0x000003d8   Code   RO          749    i.HAL_RCC_OscConfig  stm32f0xx_hal_rcc.o
    0x0800155c   0x0800155c   0x00000030   Code   RO         1696    i.HAL_SYSTICK_Config  stm32f0xx_hal_cortex.o
    0x0800158c   0x0800158c   0x00000002   Code   RO          178    i.HardFault_Handler  stm32f0xx_it.o
    0x0800158e   0x0800158e   0x00000002   PAD
    0x08001590   0x08001590   0x00000084   Code   RO          348    i.LEDs_init         leds.o
    0x08001614   0x08001614   0x00000002   Code   RO          179    i.NMI_Handler       stm32f0xx_it.o
    0x08001616   0x08001616   0x00000002   PAD
    0x08001618   0x08001618   0x00000044   Code   RO          582    i.NVIC_SetPriority  usarts.o
    0x0800165c   0x0800165c   0x00000044   Code   RO         1698    i.NVIC_SetPriority  stm32f0xx_hal_cortex.o
    0x080016a0   0x080016a0   0x00000002   Code   RO          180    i.PendSV_Handler    stm32f0xx_it.o
    0x080016a2   0x080016a2   0x00000002   Code   RO          181    i.SVC_Handler       stm32f0xx_it.o
    0x080016a4   0x080016a4   0x00000008   Code   RO          182    i.SysTick_Handler   stm32f0xx_it.o
    0x080016ac   0x080016ac   0x00000040   Code   RO           13    i.SystemClock_Config  main.o
    0x080016ec   0x080016ec   0x0000005c   Code   RO         2115    i.SystemInit        system_stm32f0xx.o
    0x08001748   0x08001748   0x00000010   Code   RO          550    i.TIM6_DAC_IRQHandler  timers.o
    0x08001758   0x08001758   0x0000001c   Code   RO          583    i.USART1_IRQHandler  usarts.o
    0x08001774   0x08001774   0x00000070   Code   RO          584    i.USART1_init       usarts.o
    0x080017e4   0x080017e4   0x00000010   Code   RO          585    i.USART1_read_successfully  usarts.o
    0x080017f4   0x080017f4   0x00000010   Code   RO          586    i.USART1_wrote_successfully  usarts.o
    0x08001804   0x08001804   0x0000001c   Code   RO          587    i.USART3_4_IRQHandler  usarts.o
    0x08001820   0x08001820   0x0000000c   Code   RO          588    i.USART3_has_data   usarts.o
    0x0800182c   0x0800182c   0x00000080   Code   RO          589    i.USART3_init       usarts.o
    0x080018ac   0x080018ac   0x00000020   Code   RO         2584    i.__0printf         mc_p.l(printfa.o)
    0x080018cc   0x080018cc   0x0000002e   Code   RO         2655    i.__ARM_clz         mf_p.l(depilogue.o)
    0x080018fa   0x080018fa   0x0000000e   Code   RO         2659    i.__scatterload_copy  mc_p.l(handlers.o)
    0x08001908   0x08001908   0x00000002   Code   RO         2660    i.__scatterload_null  mc_p.l(handlers.o)
    0x0800190a   0x0800190a   0x0000000e   Code   RO         2661    i.__scatterload_zeroinit  mc_p.l(handlers.o)
    0x08001918   0x08001918   0x00000174   Code   RO         2591    i._fp_digits        mc_p.l(printfa.o)
    0x08001a8c   0x08001a8c   0x000006ec   Code   RO         2592    i._printf_core      mc_p.l(printfa.o)
    0x08002178   0x08002178   0x00000020   Code   RO         2593    i._printf_post_padding  mc_p.l(printfa.o)
    0x08002198   0x08002198   0x0000002c   Code   RO         2594    i._printf_pre_padding  mc_p.l(printfa.o)
    0x080021c4   0x080021c4   0x000000c4   Code   RO          590    i.add_to_USART1_buffer  usarts.o
    0x08002288   0x08002288   0x00000016   Code   RO         2164    i.atomic_inc32      eventrecorder.o
    0x0800229e   0x0800229e   0x00000002   PAD
    0x080022a0   0x080022a0   0x00000058   Code   RO           14    i.chair_init        main.o
    0x080022f8   0x080022f8   0x00000158   Code   RO           15    i.debug_menu        main.o
    0x08002450   0x08002450   0x0000004c   Code   RO         2280    i.fputc             retarget_io.o
    0x0800249c   0x0800249c   0x00000060   Code   RO           16    i.game_menu         main.o
    0x080024fc   0x080024fc   0x0000005c   Code   RO          283    i.game_parser_init  game_parser.o
    0x08002558   0x08002558   0x00000010   Code   RO          591    i.get_USART3_data   usarts.o
    0x08002568   0x08002568   0x00000008   Code   RO          483    i.get_putty_cmd     putty.o
    0x08002570   0x08002570   0x00000016   Code   RO           17    i.main              main.o
    0x08002586   0x08002586   0x00000002   PAD
    0x08002588   0x08002588   0x0000005c   Code   RO           18    i.main_menu         main.o
    0x080025e4   0x080025e4   0x0000004c   Code   RO          371    i.motors_init       motors.o
    0x08002630   0x08002630   0x00000094   Code   RO          484    i.putty_debug_prompt  putty.o
    0x080026c4   0x080026c4   0x00000084   Code   RO          485    i.putty_game_prompt  putty.o
    0x08002748   0x08002748   0x00000020   Code   RO          486    i.putty_goodbye_prompt  putty.o
    0x08002768   0x08002768   0x00000058   Code   RO          487    i.putty_main_prompt  putty.o
    0x080027c0   0x080027c0   0x00000010   Code   RO          488    i.putty_print       putty.o
    0x080027d0   0x080027d0   0x00000010   Code   RO          489    i.putty_putc        putty.o
    0x080027e0   0x080027e0   0x00000038   Code   RO          490    i.putty_unrecognized_prompt  putty.o
    0x08002818   0x08002818   0x0000000c   Code   RO          594    i.receive_char      usarts.o
    0x08002824   0x08002824   0x00000008   Code   RO          491    i.recieved_putty_cmd  putty.o
    0x0800282c   0x0800282c   0x00000024   Code   RO           19    i.reset_values      main.o
    0x08002850   0x08002850   0x0000000c   Code   RO          595    i.response_data     usarts.o
    0x0800285c   0x0800285c   0x00000010   Code   RO          373    i.set_pitch_dir_pin  motors.o
    0x0800286c   0x0800286c   0x00000010   Code   RO          374    i.set_pitch_step_pin  motors.o
    0x0800287c   0x0800287c   0x0000000e   Code   RO          375    i.set_roll_dir_pin  motors.o
    0x0800288a   0x0800288a   0x0000000e   Code   RO          376    i.set_roll_step_pin  motors.o
    0x08002898   0x08002898   0x00000060   Code   RO          377    i.set_step_pin_manually  motors.o
    0x080028f8   0x080028f8   0x0000000c   Code   RO          378    i.set_target_pitch_steps  motors.o
    0x08002904   0x08002904   0x0000000c   Code   RO          379    i.set_target_roll_steps  motors.o
    0x08002910   0x08002910   0x00000020   Code   RO          380    i.step_pitch_motor  motors.o
    0x08002930   0x08002930   0x00000020   Code   RO          381    i.step_roll_motor   motors.o
    0x08002950   0x08002950   0x0000000a   Code   RO          596    i.transmit_char     usarts.o
    0x0800295a   0x0800295a   0x0000001a   Code   RO          597    i.transmit_string   usarts.o
    0x08002974   0x08002974   0x0000001c   Code   RO          599    i.wait_for_USART3_data  usarts.o
    0x08002990   0x08002990   0x00000010   Data   RO         2116    .constdata          system_stm32f0xx.o
    0x080029a0   0x080029a0   0x00000018   Data   RO         2166    .constdata          eventrecorder.o
    0x080029b8   0x080029b8   0x00000020   Data   RO         2657    Region$$Table       anon$$obj.o


    Execution Region RW_IRAM1 (Exec base: 0x20000000, Load base: 0x080029d8, Size: 0x00000968, Max: 0x00004000, ABSOLUTE)

    Exec Addr    Load Addr    Size         Type   Attr      Idx    E Section Name        Object

    0x20000000   0x080029d8   0x00000006   Data   RW          318    .data               gpios.o
    0x20000006   0x080029de   0x00000002   PAD
    0x20000008   0x080029e0   0x00000018   Data   RW          385    .data               motors.o
    0x20000020   0x080029f8   0x00000018   Data   RW          601    .data               usarts.o
    0x20000038   0x08002a10   0x00000004   Data   RW          935    .data               stm32f0xx_hal.o
    0x2000003c   0x08002a14   0x00000004   Data   RW         2118    .data               system_stm32f0xx.o
    0x20000040   0x08002a18   0x0000000c   Data   RW         2281    .data               retarget_io.o
    0x2000004c   0x08002a24   0x00000004   Data   RW         2337    .data               mc_p.l(stdout.o)
    0x20000050        -       0x0000000c   Zero   RW          600    .bss                usarts.o
    0x2000005c   0x08002a28   0x00000024   PAD
    0x20000080        -       0x000004e4   Zero   RW         2165    .bss.noinit         eventrecorder.o
    0x20000564   0x08002a28   0x00000004   PAD
    0x20000568        -       0x00000400   Zero   RW            1    STACK               startup_stm32f072xb.o


==============================================================================

Image component sizes


      Code (inc. data)   RO Data    RW Data    ZI Data      Debug   Object Name

       504        138          0          0          0       1691   bno055.o
       614         36         24          0       1252      11532   eventrecorder.o
        92         72          0          0          0        463   game_parser.o
       376         96          0          6          0       2356   gpios.o
       132         66          0          0          0        452   leds.o
       742        330          0          0          0     419595   main.o
       320         82          0         24          0       6322   motors.o
       504        328          0          0          0       4582   putty.o
        76         14          0         12          0       2664   retarget_io.o
        28          8        192          0       1024        648   startup_stm32f072xb.o
       122         18          0          4          0       3735   stm32f0xx_hal.o
       124         18          0          0          0       8356   stm32f0xx_hal_cortex.o
       356         30          0          0          0       2300   stm32f0xx_hal_gpio.o
        40          6          0          0          0        834   stm32f0xx_hal_msp.o
      1472         90          0          0          0       4694   stm32f0xx_hal_rcc.o
        16          0          0          0          0       2171   stm32f0xx_it.o
        92         16         16          4          0       1179   system_stm32f0xx.o
        16          4          0          0          0        430   timers.o
       708        112          0         24         12      15018   usarts.o

    ----------------------------------------------------------------------
      6344       1464        264         76       2328     489022   Object Totals
         0          0         32          0          0          0   (incl. Generated)
        10          0          0          2         40          0   (incl. Padding)

    ----------------------------------------------------------------------

      Code (inc. data)   RO Data    RW Data    ZI Data      Debug   Library Member Name

         0          0          0          0          0          0   entry.o
         0          0          0          0          0          0   entry10a.o
         0          0          0          0          0          0   entry11a.o
         8          4          0          0          0          0   entry2.o
         4          0          0          0          0          0   entry5.o
         0          0          0          0          0          0   entry7b.o
         0          0          0          0          0          0   entry8b.o
         8          4          0          0          0          0   entry9a.o
        30          0          0          0          0          0   handlers.o
        40          0          0          0          0         72   idiv.o
        36          8          0          0          0         68   init.o
         0          0          0          0          0          0   iusefp.o
        32          0          0          0          0         68   llshl.o
        38          0          0          0          0         68   llsshr.o
        34          0          0          0          0         68   llushr.o
        36          0          0          0          0         60   memcpya.o
        36          0          0          0          0        100   memseta.o
      2252         98          0          0          0        412   printfa.o
         0          0          0          4          0          0   stdout.o
        44          0          0          0          0         72   uidiv.o
        96          0          0          0          0         84   uldiv.o
        40          2          0          0          0         68   cdrcmple.o
       356          4          0          0          0        140   dadd.o
       240          6          0          0          0         84   ddiv.o
       236          0          0          0          0        216   depilogue.o
        64         10          0          0          0         68   dfixul.o
       208          6          0          0          0         88   dmul.o
       130          0          0          0          0        144   fepilogue.o
        14          0          0          0          0         68   ffltui.o
       122          0          0          0          0         72   fmul.o

    ----------------------------------------------------------------------
      4104        142          0          4          0       2020   Library Totals
         0          0          0          0          0          0   (incl. Padding)

    ----------------------------------------------------------------------

      Code (inc. data)   RO Data    RW Data    ZI Data      Debug   Library Name

      2694        114          0          4          0       1072   mc_p.l
      1410         28          0          0          0        948   mf_p.l

    ----------------------------------------------------------------------
      4104        142          0          4          0       2020   Library Totals

    ----------------------------------------------------------------------

==============================================================================


      Code (inc. data)   RO Data    RW Data    ZI Data      Debug   

     10448       1606        264         80       2328     486962   Grand Totals
     10448       1606        264         80       2328     486962   ELF Image Totals
     10448       1606        264         80          0          0   ROM Totals

==============================================================================

    Total RO  Size (Code + RO Data)                10712 (  10.46kB)
    Total RW  Size (RW Data + ZI Data)              2408 (   2.35kB)
    Total ROM Size (Code + RO Data + RW Data)      10792 (  10.54kB)

==============================================================================

